[
  {
    "allowSubnetCidrRoutesOverlap": false,
    "creationTimestamp": "2026-10-02T23:51:16.504-07:00",
    "fingerprint": "<PRIVATE_RESOURCE_FINGERPRINT>",
    "gatewayAddress": "<IP_ADDRESS_005>",
    "id": "<NUMERIC_RESOURCE_0105>",
    "ipCidrRange": "<IP_ADDRESS_004>/20",
    "kind": "compute#subnetwork",
    "name": "default",
    "network": "<PRIVATE_URL_0281>",
    "privateIpGoogleAccess": false,
    "privateIpv6GoogleAccess": "DISABLE_GOOGLE_ACCESS",
    "purpose": "PRIVATE",
    "region": "<PRIVATE_URL_0399>",
    "selfLink": "<PRIVATE_URL_0398>",
    "stackType": "IPV4_ONLY"
  },
  {
    "allowSubnetCidrRoutesOverlap": false,
    "creationTimestamp": "2026-10-02T23:51:16.688-07:00",
    "fingerprint": "<PRIVATE_RESOURCE_FINGERPRINT>",
    "gatewayAddress": "<IP_ADDRESS_008>",
    "id": "<NUMERIC_RESOURCE_0115>",
    "ipCidrRange": "<IP_ADDRESS_007>/20",
    "kind": "compute#subnetwork",
    "name": "default",
    "network": "<PRIVATE_URL_0281>",
    "privateIpGoogleAccess": false,
    "privateIpv6GoogleAccess": "DISABLE_GOOGLE_ACCESS",
    "purpose": "PRIVATE",
    "region": "<PRIVATE_URL_0365>",
    "selfLink": "<PRIVATE_URL_0361>",
    "stackType": "IPV4_ONLY"
  },
  {
    "allowSubnetCidrRoutesOverlap": false,
    "creationTimestamp": "2026-10-02T23:51:16.617-07:00",
    "fingerprint": "<PRIVATE_RESOURCE_FINGERPRINT>",
    "gatewayAddress": "<IP_ADDRESS_010>",
    "id": "<NUMERIC_RESOURCE_0133>",
    "ipCidrRange": "<IP_ADDRESS_009>/20",
    "kind": "compute#subnetwork",
    "name": "default",
    "network": "<PRIVATE_URL_0281>",
    "privateIpGoogleAccess": false,
    "privateIpv6GoogleAccess": "DISABLE_GOOGLE_ACCESS",
    "purpose": "PRIVATE",
    "region": "<PRIVATE_URL_0411>",
    "selfLink": "<PRIVATE_URL_0410>",
    "stackType": "IPV4_ONLY"
  },
  {
    "allowSubnetCidrRoutesOverlap": false,
    "creationTimestamp": "2026-10-02T23:51:16.763-07:00",
    "fingerprint": "<PRIVATE_RESOURCE_FINGERPRINT>",
    "gatewayAddress": "<IP_ADDRESS_012>",
    "id": "<NUMERIC_RESOURCE_0142>",
    "ipCidrRange": "<IP_ADDRESS_011>/20",
    "kind": "compute#subnetwork",
    "name": "default",
    "network": "<PRIVATE_URL_0281>",
    "privateIpGoogleAccess": false,
    "privateIpv6GoogleAccess": "DISABLE_GOOGLE_ACCESS",
    "purpose": "PRIVATE",
    "region": "<PRIVATE_URL_0317>",
    "selfLink": "<PRIVATE_URL_0317>",
    "stackType": "IPV4_ONLY"
  },
  {
    "allowSubnetCidrRoutesOverlap": false,
    "creationTimestamp": "2026-10-02T23:51:16.810-07:00",
    "fingerprint": "<PRIVATE_RESOURCE_FINGERPRINT>",
    "gatewayAddress": "<IP_ADDRESS_014>",
    "id": "<NUMERIC_RESOURCE_0161>",
    "ipCidrRange": "<IP_ADDRESS_013>/20",
    "kind": "compute#subnetwork",
    "name": "default",
    "network": "<PRIVATE_URL_0281>",
    "privateIpGoogleAccess": false,
    "privateIpv6GoogleAccess": "DISABLE_GOOGLE_ACCESS",
    "purpose": "PRIVATE",
    "region": "<PRIVATE_URL_0401>",
    "selfLink": "<PRIVATE_URL_0401>",
    "stackType": "IPV4_ONLY"
  },
  {
    "allowSubnetCidrRoutesOverlap": false,
    "creationTimestamp": "2026-10-02T23:51:16.795-07:00",
    "fingerprint": "<PRIVATE_RESOURCE_FINGERPRINT>",
    "gatewayAddress": "<IP_ADDRESS_016>",
    "id": "<NUMERIC_RESOURCE_0002>",
    "ipCidrRange": "<IP_ADDRESS_015>/20",
    "kind": "compute#subnetwork",
    "name": "default",
    "network": "<PRIVATE_URL_0281>",
    "privateIpGoogleAccess": false,
    "privateIpv6GoogleAccess": "DISABLE_GOOGLE_ACCESS",
    "purpose": "PRIVATE",
    "region": "<PRIVATE_URL_0321>",
    "selfLink": "<PRIVATE_URL_0321>",
    "stackType": "IPV4_ONLY"
  },
  {
    "allowSubnetCidrRoutesOverlap": false,
    "creationTimestamp": "2026-10-02T23:51:16.834-07:00",
    "fingerprint": "<PRIVATE_RESOURCE_FINGERPRINT>",
    "gatewayAddress": "<IP_ADDRESS_018>",
    "id": "<NUMERIC_RESOURCE_0147>",
    "ipCidrRange": "<IP_ADDRESS_017>/20",
    "kind": "compute#subnetwork",
    "name": "default",
    "network": "<PRIVATE_URL_0281>",
    "privateIpGoogleAccess": false,
    "privateIpv6GoogleAccess": "DISABLE_GOOGLE_ACCESS",
    "purpose": "PRIVATE",
    "region": "<PRIVATE_URL_0331>",
    "selfLink": "<PRIVATE_URL_0331>",
    "stackType": "IPV4_ONLY"
  },
  {
    "allowSubnetCidrRoutesOverlap": false,
    "creationTimestamp": "2026-10-02T23:51:16.544-07:00",
    "fingerprint": "<PRIVATE_RESOURCE_FINGERPRINT>",
    "gatewayAddress": "<IP_ADDRESS_020>",
    "id": "<NUMERIC_RESOURCE_0149>",
    "ipCidrRange": "<IP_ADDRESS_019>/20",
    "kind": "compute#subnetwork",
    "name": "default",
    "network": "<PRIVATE_URL_0281>",
    "privateIpGoogleAccess": false,
    "privateIpv6GoogleAccess": "DISABLE_GOOGLE_ACCESS",
    "purpose": "PRIVATE",
    "region": "<PRIVATE_URL_0403>",
    "selfLink": "<PRIVATE_URL_0403>",
    "stackType": "IPV4_ONLY"
  },
  {
    "allowSubnetCidrRoutesOverlap": false,
    "creationTimestamp": "2026-10-02T23:51:17.284-07:00",
    "fingerprint": "<PRIVATE_RESOURCE_FINGERPRINT>",
    "gatewayAddress": "<IP_ADDRESS_022>",
    "id": "<NUMERIC_RESOURCE_0121>",
    "ipCidrRange": "<IP_ADDRESS_021>/20",
    "kind": "compute#subnetwork",
    "name": "default",
    "network": "<PRIVATE_URL_0281>",
    "privateIpGoogleAccess": false,
    "privateIpv6GoogleAccess": "DISABLE_GOOGLE_ACCESS",
    "purpose": "PRIVATE",
    "region": "<PRIVATE_URL_0345>",
    "selfLink": "<PRIVATE_URL_0345>",
    "stackType": "IPV4_ONLY"
  },
  {
    "allowSubnetCidrRoutesOverlap": false,
    "creationTimestamp": "2026-10-02T23:51:16.733-07:00",
    "fingerprint": "<PRIVATE_RESOURCE_FINGERPRINT>",
    "gatewayAddress": "<IP_ADDRESS_025>",
    "id": "<NUMERIC_RESOURCE_0159>",
    "ipCidrRange": "<IP_ADDRESS_024>/20",
    "kind": "compute#subnetwork",
    "name": "default",
    "network": "<PRIVATE_URL_0281>",
    "privateIpGoogleAccess": false,
    "privateIpv6GoogleAccess": "DISABLE_GOOGLE_ACCESS",
    "purpose": "PRIVATE",
    "region": "<PRIVATE_URL_0367>",
    "selfLink": "<PRIVATE_URL_0367>",
    "stackType": "IPV4_ONLY"
  },
  {
    "allowSubnetCidrRoutesOverlap": false,
    "creationTimestamp": "2026-10-02T23:51:16.669-07:00",
    "fingerprint": "<PRIVATE_RESOURCE_FINGERPRINT>",
    "gatewayAddress": "<IP_ADDRESS_027>",
    "id": "<NUMERIC_RESOURCE_0129>",
    "ipCidrRange": "<IP_ADDRESS_026>/20",
    "kind": "compute#subnetwork",
    "name": "default",
    "network": "<PRIVATE_URL_0281>",
    "privateIpGoogleAccess": false,
    "privateIpv6GoogleAccess": "DISABLE_GOOGLE_ACCESS",
    "purpose": "PRIVATE",
    "region": "<PRIVATE_URL_0369>",
    "selfLink": "<PRIVATE_URL_0369>",
    "stackType": "IPV4_ONLY"
  },
  {
    "allowSubnetCidrRoutesOverlap": false,
    "creationTimestamp": "2026-10-02T23:51:17.572-07:00",
    "fingerprint": "<PRIVATE_RESOURCE_FINGERPRINT>",
    "gatewayAddress": "<IP_ADDRESS_029>",
    "id": "<NUMERIC_RESOURCE_0092>",
    "ipCidrRange": "<IP_ADDRESS_028>/20",
    "kind": "compute#subnetwork",
    "name": "default",
    "network": "<PRIVATE_URL_0281>",
    "privateIpGoogleAccess": false,
    "privateIpv6GoogleAccess": "DISABLE_GOOGLE_ACCESS",
    "purpose": "PRIVATE",
    "region": "<PRIVATE_URL_0389>",
    "selfLink": "<PRIVATE_URL_0389>",
    "stackType": "IPV4_ONLY"
  },
  {
    "allowSubnetCidrRoutesOverlap": false,
    "creationTimestamp": "2026-10-02T23:51:17.252-07:00",
    "fingerprint": "<PRIVATE_RESOURCE_FINGERPRINT>",
    "gatewayAddress": "<IP_ADDRESS_031>",
    "id": "<NUMERIC_RESOURCE_0015>",
    "ipCidrRange": "<IP_ADDRESS_030>/20",
    "kind": "compute#subnetwork",
    "name": "default",
    "network": "<PRIVATE_URL_0281>",
    "privateIpGoogleAccess": false,
    "privateIpv6GoogleAccess": "DISABLE_GOOGLE_ACCESS",
    "purpose": "PRIVATE",
    "region": "<PRIVATE_URL_0327>",
    "selfLink": "<PRIVATE_URL_0327>",
    "stackType": "IPV4_ONLY"
  },
  {
    "allowSubnetCidrRoutesOverlap": false,
    "creationTimestamp": "2026-10-02T23:51:16.938-07:00",
    "fingerprint": "<PRIVATE_RESOURCE_FINGERPRINT>",
    "gatewayAddress": "<IP_ADDRESS_033>",
    "id": "<NUMERIC_RESOURCE_0164>",
    "ipCidrRange": "<IP_ADDRESS_032>/20",
    "kind": "compute#subnetwork",
    "name": "default",
    "network": "<PRIVATE_URL_0281>",
    "privateIpGoogleAccess": false,
    "privateIpv6GoogleAccess": "DISABLE_GOOGLE_ACCESS",
    "purpose": "PRIVATE",
    "region": "<PRIVATE_URL_0383>",
    "selfLink": "<PRIVATE_URL_0383>",
    "stackType": "IPV4_ONLY"
  },
  {
    "allowSubnetCidrRoutesOverlap": false,
    "creationTimestamp": "2026-10-02T23:51:16.667-07:00",
    "fingerprint": "<PRIVATE_RESOURCE_FINGERPRINT>",
    "gatewayAddress": "<IP_ADDRESS_035>",
    "id": "<NUMERIC_RESOURCE_0008>",
    "ipCidrRange": "<IP_ADDRESS_034>/20",
    "kind": "compute#subnetwork",
    "name": "default",
    "network": "<PRIVATE_URL_0281>",
    "privateIpGoogleAccess": false,
    "privateIpv6GoogleAccess": "DISABLE_GOOGLE_ACCESS",
    "purpose": "PRIVATE",
    "region": "<PRIVATE_URL_0371>",
    "selfLink": "<PRIVATE_URL_0371>",
    "stackType": "IPV4_ONLY"
  },
  {
    "allowSubnetCidrRoutesOverlap": false,
    "creationTimestamp": "2026-10-02T23:51:17.817-07:00",
    "fingerprint": "<PRIVATE_RESOURCE_FINGERPRINT>",
    "gatewayAddress": "<IP_ADDRESS_037>",
    "id": "<NUMERIC_RESOURCE_0010>",
    "ipCidrRange": "<IP_ADDRESS_036>/20",
    "kind": "compute#subnetwork",
    "name": "default",
    "network": "<PRIVATE_URL_0281>",
    "privateIpGoogleAccess": false,
    "privateIpv6GoogleAccess": "DISABLE_GOOGLE_ACCESS",
    "purpose": "PRIVATE",
    "region": "<PRIVATE_URL_0355>",
    "selfLink": "<PRIVATE_URL_0355>",
    "stackType": "IPV4_ONLY"
  },
  {
    "allowSubnetCidrRoutesOverlap": false,
    "creationTimestamp": "2026-10-02T23:51:16.553-07:00",
    "fingerprint": "<PRIVATE_RESOURCE_FINGERPRINT>",
    "gatewayAddress": "<IP_ADDRESS_039>",
    "id": "<NUMERIC_RESOURCE_0069>",
    "ipCidrRange": "<IP_ADDRESS_038>/20",
    "kind": "compute#subnetwork",
    "name": "default",
    "network": "<PRIVATE_URL_0281>",
    "privateIpGoogleAccess": false,
    "privateIpv6GoogleAccess": "DISABLE_GOOGLE_ACCESS",
    "purpose": "PRIVATE",
    "region": "<PRIVATE_URL_0413>",
    "selfLink": "<PRIVATE_URL_0413>",
    "stackType": "IPV4_ONLY"
  },
  {
    "allowSubnetCidrRoutesOverlap": false,
    "creationTimestamp": "2026-10-02T23:51:18.327-07:00",
    "fingerprint": "<PRIVATE_RESOURCE_FINGERPRINT>",
    "gatewayAddress": "<IP_ADDRESS_041>",
    "id": "<NUMERIC_RESOURCE_0151>",
    "ipCidrRange": "<IP_ADDRESS_040>/20",
    "kind": "compute#subnetwork",
    "name": "default",
    "network": "<PRIVATE_URL_0281>",
    "privateIpGoogleAccess": false,
    "privateIpv6GoogleAccess": "DISABLE_GOOGLE_ACCESS",
    "purpose": "PRIVATE",
    "region": "<PRIVATE_URL_0319>",
    "selfLink": "<PRIVATE_URL_0319>",
    "stackType": "IPV4_ONLY"
  },
  {
    "allowSubnetCidrRoutesOverlap": false,
    "creationTimestamp": "2026-10-02T23:51:16.660-07:00",
    "fingerprint": "<PRIVATE_RESOURCE_FINGERPRINT>",
    "gatewayAddress": "<IP_ADDRESS_043>",
    "id": "<NUMERIC_RESOURCE_0070>",
    "ipCidrRange": "<IP_ADDRESS_042>/20",
    "kind": "compute#subnetwork",
    "name": "default",
    "network": "<PRIVATE_URL_0281>",
    "privateIpGoogleAccess": false,
    "privateIpv6GoogleAccess": "DISABLE_GOOGLE_ACCESS",
    "purpose": "PRIVATE",
    "region": "<PRIVATE_URL_0373>",
    "selfLink": "<PRIVATE_URL_0373>",
    "stackType": "IPV4_ONLY"
  },
  {
    "allowSubnetCidrRoutesOverlap": false,
    "creationTimestamp": "2026-10-02T23:51:16.775-07:00",
    "fingerprint": "<PRIVATE_RESOURCE_FINGERPRINT>",
    "gatewayAddress": "<IP_ADDRESS_045>",
    "id": "<NUMERIC_RESOURCE_0172>",
    "ipCidrRange": "<IP_ADDRESS_044>/20",
    "kind": "compute#subnetwork",
    "name": "default",
    "network": "<PRIVATE_URL_0281>",
    "privateIpGoogleAccess": false,
    "privateIpv6GoogleAccess": "DISABLE_GOOGLE_ACCESS",
    "purpose": "PRIVATE",
    "region": "<PRIVATE_URL_0323>",
    "selfLink": "<PRIVATE_URL_0323>",
    "stackType": "IPV4_ONLY"
  },
  {
    "allowSubnetCidrRoutesOverlap": false,
    "creationTimestamp": "2026-10-02T23:51:17.035-07:00",
    "fingerprint": "<PRIVATE_RESOURCE_FINGERPRINT>",
    "gatewayAddress": "<IP_ADDRESS_047>",
    "id": "<NUMERIC_RESOURCE_0118>",
    "ipCidrRange": "<IP_ADDRESS_046>/20",
    "kind": "compute#subnetwork",
    "name": "default",
    "network": "<PRIVATE_URL_0281>",
    "privateIpGoogleAccess": false,
    "privateIpv6GoogleAccess": "DISABLE_GOOGLE_ACCESS",
    "purpose": "PRIVATE",
    "region": "<PRIVATE_URL_0325>",
    "selfLink": "<PRIVATE_URL_0325>",
    "stackType": "IPV4_ONLY"
  },
  {
    "allowSubnetCidrRoutesOverlap": false,
    "creationTimestamp": "2026-10-02T23:51:16.560-07:00",
    "fingerprint": "<PRIVATE_RESOURCE_FINGERPRINT>",
    "gatewayAddress": "<IP_ADDRESS_049>",
    "id": "<NUMERIC_RESOURCE_0066>",
    "ipCidrRange": "<IP_ADDRESS_048>/20",
    "kind": "compute#subnetwork",
    "name": "default",
    "network": "<PRIVATE_URL_0281>",
    "privateIpGoogleAccess": false,
    "privateIpv6GoogleAccess": "DISABLE_GOOGLE_ACCESS",
    "purpose": "PRIVATE",
    "region": "<PRIVATE_URL_0415>",
    "selfLink": "<PRIVATE_URL_0415>",
    "stackType": "IPV4_ONLY"
  },
  {
    "allowSubnetCidrRoutesOverlap": false,
    "creationTimestamp": "2026-10-02T23:51:16.575-07:00",
    "fingerprint": "<PRIVATE_RESOURCE_FINGERPRINT>",
    "gatewayAddress": "<IP_ADDRESS_051>",
    "id": "<NUMERIC_RESOURCE_0101>",
    "ipCidrRange": "<IP_ADDRESS_050>/20",
    "kind": "compute#subnetwork",
    "name": "default",
    "network": "<PRIVATE_URL_0281>",
    "privateIpGoogleAccess": false,
    "privateIpv6GoogleAccess": "DISABLE_GOOGLE_ACCESS",
    "purpose": "PRIVATE",
    "region": "<PRIVATE_URL_0417>",
    "selfLink": "<PRIVATE_URL_0417>",
    "stackType": "IPV4_ONLY"
  },
  {
    "allowSubnetCidrRoutesOverlap": false,
    "creationTimestamp": "2026-10-02T23:51:16.942-07:00",
    "fingerprint": "<PRIVATE_RESOURCE_FINGERPRINT>",
    "gatewayAddress": "<IP_ADDRESS_053>",
    "id": "<NUMERIC_RESOURCE_0111>",
    "ipCidrRange": "<IP_ADDRESS_052>/20",
    "kind": "compute#subnetwork",
    "name": "default",
    "network": "<PRIVATE_URL_0281>",
    "privateIpGoogleAccess": false,
    "privateIpv6GoogleAccess": "DISABLE_GOOGLE_ACCESS",
    "purpose": "PRIVATE",
    "region": "<PRIVATE_URL_0333>",
    "selfLink": "<PRIVATE_URL_0333>",
    "stackType": "IPV4_ONLY"
  },
  {
    "allowSubnetCidrRoutesOverlap": false,
    "creationTimestamp": "2026-10-02T23:51:16.670-07:00",
    "fingerprint": "<PRIVATE_RESOURCE_FINGERPRINT>",
    "gatewayAddress": "<IP_ADDRESS_055>",
    "id": "<NUMERIC_RESOURCE_0006>",
    "ipCidrRange": "<IP_ADDRESS_054>/20",
    "kind": "compute#subnetwork",
    "name": "default",
    "network": "<PRIVATE_URL_0281>",
    "privateIpGoogleAccess": false,
    "privateIpv6GoogleAccess": "DISABLE_GOOGLE_ACCESS",
    "purpose": "PRIVATE",
    "region": "<PRIVATE_URL_0353>",
    "selfLink": "<PRIVATE_URL_0353>",
    "stackType": "IPV4_ONLY"
  },
  {
    "allowSubnetCidrRoutesOverlap": false,
    "creationTimestamp": "2026-10-02T23:51:16.818-07:00",
    "fingerprint": "<PRIVATE_RESOURCE_FINGERPRINT>",
    "gatewayAddress": "<IP_ADDRESS_057>",
    "id": "<NUMERIC_RESOURCE_0108>",
    "ipCidrRange": "<IP_ADDRESS_056>/20",
    "kind": "compute#subnetwork",
    "name": "default",
    "network": "<PRIVATE_URL_0281>",
    "privateIpGoogleAccess": false,
    "privateIpv6GoogleAccess": "DISABLE_GOOGLE_ACCESS",
    "purpose": "PRIVATE",
    "region": "<PRIVATE_URL_0385>",
    "selfLink": "<PRIVATE_URL_0385>",
    "stackType": "IPV4_ONLY"
  },
  {
    "allowSubnetCidrRoutesOverlap": false,
    "creationTimestamp": "2026-10-02T23:51:17.150-07:00",
    "fingerprint": "<PRIVATE_RESOURCE_FINGERPRINT>",
    "gatewayAddress": "<IP_ADDRESS_059>",
    "id": "<NUMERIC_RESOURCE_0040>",
    "ipCidrRange": "<IP_ADDRESS_058>/20",
    "kind": "compute#subnetwork",
    "name": "default",
    "network": "<PRIVATE_URL_0281>",
    "privateIpGoogleAccess": false,
    "privateIpv6GoogleAccess": "DISABLE_GOOGLE_ACCESS",
    "purpose": "PRIVATE",
    "region": "<PRIVATE_URL_0329>",
    "selfLink": "<PRIVATE_URL_0329>",
    "stackType": "IPV4_ONLY"
  },
  {
    "allowSubnetCidrRoutesOverlap": false,
    "creationTimestamp": "2026-10-02T23:51:19.048-07:00",
    "fingerprint": "<PRIVATE_RESOURCE_FINGERPRINT>",
    "gatewayAddress": "<IP_ADDRESS_061>",
    "id": "<NUMERIC_RESOURCE_0169>",
    "ipCidrRange": "<IP_ADDRESS_060>/20",
    "kind": "compute#subnetwork",
    "name": "default",
    "network": "<PRIVATE_URL_0281>",
    "privateIpGoogleAccess": false,
    "privateIpv6GoogleAccess": "DISABLE_GOOGLE_ACCESS",
    "purpose": "PRIVATE",
    "region": "<PRIVATE_URL_0351>",
    "selfLink": "<PRIVATE_URL_0350>",
    "stackType": "IPV4_ONLY"
  },
  {
    "allowSubnetCidrRoutesOverlap": false,
    "creationTimestamp": "2026-10-02T23:51:17.139-07:00",
    "fingerprint": "<PRIVATE_RESOURCE_FINGERPRINT>",
    "gatewayAddress": "<IP_ADDRESS_063>",
    "id": "<NUMERIC_RESOURCE_0166>",
    "ipCidrRange": "<IP_ADDRESS_062>/20",
    "kind": "compute#subnetwork",
    "name": "default",
    "network": "<PRIVATE_URL_0281>",
    "privateIpGoogleAccess": false,
    "privateIpv6GoogleAccess": "DISABLE_GOOGLE_ACCESS",
    "purpose": "PRIVATE",
    "region": "<PRIVATE_URL_0391>",
    "selfLink": "<PRIVATE_URL_0391>",
    "stackType": "IPV4_ONLY"
  },
  {
    "allowSubnetCidrRoutesOverlap": false,
    "creationTimestamp": "2026-10-02T23:51:17.756-07:00",
    "fingerprint": "<PRIVATE_RESOURCE_FINGERPRINT>",
    "gatewayAddress": "<IP_ADDRESS_065>",
    "id": "<NUMERIC_RESOURCE_0177>",
    "ipCidrRange": "<IP_ADDRESS_064>/20",
    "kind": "compute#subnetwork",
    "name": "default",
    "network": "<PRIVATE_URL_0281>",
    "privateIpGoogleAccess": false,
    "privateIpv6GoogleAccess": "DISABLE_GOOGLE_ACCESS",
    "purpose": "PRIVATE",
    "region": "<PRIVATE_URL_0375>",
    "selfLink": "<PRIVATE_URL_0375>",
    "stackType": "IPV4_ONLY"
  },
  {
    "allowSubnetCidrRoutesOverlap": false,
    "creationTimestamp": "2026-10-02T23:51:17.562-07:00",
    "fingerprint": "<PRIVATE_RESOURCE_FINGERPRINT>",
    "gatewayAddress": "<IP_ADDRESS_067>",
    "id": "<NUMERIC_RESOURCE_0081>",
    "ipCidrRange": "<IP_ADDRESS_066>/20",
    "kind": "compute#subnetwork",
    "name": "default",
    "network": "<PRIVATE_URL_0281>",
    "privateIpGoogleAccess": false,
    "privateIpv6GoogleAccess": "DISABLE_GOOGLE_ACCESS",
    "purpose": "PRIVATE",
    "region": "<PRIVATE_URL_0377>",
    "selfLink": "<PRIVATE_URL_0377>",
    "stackType": "IPV4_ONLY"
  },
  {
    "allowSubnetCidrRoutesOverlap": false,
    "creationTimestamp": "2026-10-02T23:51:16.555-07:00",
    "fingerprint": "<PRIVATE_RESOURCE_FINGERPRINT>",
    "gatewayAddress": "<IP_ADDRESS_069>",
    "id": "<NUMERIC_RESOURCE_0001>",
    "ipCidrRange": "<IP_ADDRESS_068>/20",
    "kind": "compute#subnetwork",
    "name": "default",
    "network": "<PRIVATE_URL_0281>",
    "privateIpGoogleAccess": false,
    "privateIpv6GoogleAccess": "DISABLE_GOOGLE_ACCESS",
    "purpose": "PRIVATE",
    "region": "<PRIVATE_URL_0405>",
    "selfLink": "<PRIVATE_URL_0405>",
    "stackType": "IPV4_ONLY"
  },
  {
    "allowSubnetCidrRoutesOverlap": false,
    "creationTimestamp": "2026-10-02T23:51:16.673-07:00",
    "fingerprint": "<PRIVATE_RESOURCE_FINGERPRINT>",
    "gatewayAddress": "<IP_ADDRESS_071>",
    "id": "<NUMERIC_RESOURCE_0110>",
    "ipCidrRange": "<IP_ADDRESS_070>/20",
    "kind": "compute#subnetwork",
    "name": "default",
    "network": "<PRIVATE_URL_0281>",
    "privateIpGoogleAccess": false,
    "privateIpv6GoogleAccess": "DISABLE_GOOGLE_ACCESS",
    "purpose": "PRIVATE",
    "region": "<PRIVATE_URL_0359>",
    "selfLink": "<PRIVATE_URL_0359>",
    "stackType": "IPV4_ONLY"
  },
  {
    "allowSubnetCidrRoutesOverlap": false,
    "creationTimestamp": "2026-10-02T23:51:16.521-07:00",
    "fingerprint": "<PRIVATE_RESOURCE_FINGERPRINT>",
    "gatewayAddress": "<IP_ADDRESS_073>",
    "id": "<NUMERIC_RESOURCE_0131>",
    "ipCidrRange": "<IP_ADDRESS_072>/20",
    "kind": "compute#subnetwork",
    "name": "default",
    "network": "<PRIVATE_URL_0281>",
    "privateIpGoogleAccess": false,
    "privateIpv6GoogleAccess": "DISABLE_GOOGLE_ACCESS",
    "purpose": "PRIVATE",
    "region": "<PRIVATE_URL_0407>",
    "selfLink": "<PRIVATE_URL_0407>",
    "stackType": "IPV4_ONLY"
  },
  {
    "allowSubnetCidrRoutesOverlap": false,
    "creationTimestamp": "2026-10-02T23:51:16.877-07:00",
    "fingerprint": "<PRIVATE_RESOURCE_FINGERPRINT>",
    "gatewayAddress": "<IP_ADDRESS_075>",
    "id": "<NUMERIC_RESOURCE_0120>",
    "ipCidrRange": "<IP_ADDRESS_074>/20",
    "kind": "compute#subnetwork",
    "name": "default",
    "network": "<PRIVATE_URL_0281>",
    "privateIpGoogleAccess": false,
    "privateIpv6GoogleAccess": "DISABLE_GOOGLE_ACCESS",
    "purpose": "PRIVATE",
    "region": "<PRIVATE_URL_0381>",
    "selfLink": "<PRIVATE_URL_0381>",
    "stackType": "IPV4_ONLY"
  },
  {
    "allowSubnetCidrRoutesOverlap": false,
    "creationTimestamp": "2026-10-02T23:51:16.670-07:00",
    "fingerprint": "<PRIVATE_RESOURCE_FINGERPRINT>",
    "gatewayAddress": "<IP_ADDRESS_077>",
    "id": "<NUMERIC_RESOURCE_0060>",
    "ipCidrRange": "<IP_ADDRESS_076>/20",
    "kind": "compute#subnetwork",
    "name": "default",
    "network": "<PRIVATE_URL_0281>",
    "privateIpGoogleAccess": false,
    "privateIpv6GoogleAccess": "DISABLE_GOOGLE_ACCESS",
    "purpose": "PRIVATE",
    "region": "<PRIVATE_URL_0365>",
    "selfLink": "<PRIVATE_URL_0365>",
    "stackType": "IPV4_ONLY"
  },
  {
    "allowSubnetCidrRoutesOverlap": false,
    "creationTimestamp": "2026-10-02T23:51:16.928-07:00",
    "fingerprint": "<PRIVATE_RESOURCE_FINGERPRINT>",
    "gatewayAddress": "<IP_ADDRESS_079>",
    "id": "<NUMERIC_RESOURCE_0155>",
    "ipCidrRange": "<IP_ADDRESS_078>/20",
    "kind": "compute#subnetwork",
    "name": "default",
    "network": "<PRIVATE_URL_0281>",
    "privateIpGoogleAccess": false,
    "privateIpv6GoogleAccess": "DISABLE_GOOGLE_ACCESS",
    "purpose": "PRIVATE",
    "region": "<PRIVATE_URL_0379>",
    "selfLink": "<PRIVATE_URL_0379>",
    "stackType": "IPV4_ONLY"
  },
  {
    "allowSubnetCidrRoutesOverlap": false,
    "creationTimestamp": "2026-10-02T23:51:16.667-07:00",
    "fingerprint": "<PRIVATE_RESOURCE_FINGERPRINT>",
    "gatewayAddress": "<IP_ADDRESS_081>",
    "id": "<NUMERIC_RESOURCE_0079>",
    "ipCidrRange": "<IP_ADDRESS_080>/20",
    "kind": "compute#subnetwork",
    "name": "default",
    "network": "<PRIVATE_URL_0281>",
    "privateIpGoogleAccess": false,
    "privateIpv6GoogleAccess": "DISABLE_GOOGLE_ACCESS",
    "purpose": "PRIVATE",
    "region": "<PRIVATE_URL_0363>",
    "selfLink": "<PRIVATE_URL_0363>",
    "stackType": "IPV4_ONLY"
  },
  {
    "allowSubnetCidrRoutesOverlap": false,
    "creationTimestamp": "2026-10-02T23:51:19.068-07:00",
    "fingerprint": "<PRIVATE_RESOURCE_FINGERPRINT>",
    "gatewayAddress": "<IP_ADDRESS_083>",
    "id": "<NUMERIC_RESOURCE_0098>",
    "ipCidrRange": "<IP_ADDRESS_082>/20",
    "kind": "compute#subnetwork",
    "name": "default",
    "network": "<PRIVATE_URL_0281>",
    "privateIpGoogleAccess": false,
    "privateIpv6GoogleAccess": "DISABLE_GOOGLE_ACCESS",
    "purpose": "PRIVATE",
    "region": "<PRIVATE_URL_0315>",
    "selfLink": "<PRIVATE_URL_0315>",
    "stackType": "IPV4_ONLY"
  },
  {
    "allowSubnetCidrRoutesOverlap": false,
    "creationTimestamp": "2026-10-02T23:51:16.585-07:00",
    "fingerprint": "<PRIVATE_RESOURCE_FINGERPRINT>",
    "gatewayAddress": "<IP_ADDRESS_085>",
    "id": "<NUMERIC_RESOURCE_0174>",
    "ipCidrRange": "<IP_ADDRESS_084>/20",
    "kind": "compute#subnetwork",
    "name": "default",
    "network": "<PRIVATE_URL_0281>",
    "privateIpGoogleAccess": false,
    "privateIpv6GoogleAccess": "DISABLE_GOOGLE_ACCESS",
    "purpose": "PRIVATE",
    "region": "<PRIVATE_URL_0387>",
    "selfLink": "<PRIVATE_URL_0387>",
    "stackType": "IPV4_ONLY"
  },
  {
    "allowSubnetCidrRoutesOverlap": false,
    "creationTimestamp": "2026-10-02T23:51:16.735-07:00",
    "fingerprint": "<PRIVATE_RESOURCE_FINGERPRINT>",
    "gatewayAddress": "<IP_ADDRESS_087>",
    "id": "<NUMERIC_RESOURCE_0144>",
    "ipCidrRange": "<IP_ADDRESS_086>/20",
    "kind": "compute#subnetwork",
    "name": "default",
    "network": "<PRIVATE_URL_0281>",
    "privateIpGoogleAccess": false,
    "privateIpv6GoogleAccess": "DISABLE_GOOGLE_ACCESS",
    "purpose": "PRIVATE",
    "region": "<PRIVATE_URL_0357>",
    "selfLink": "<PRIVATE_URL_0357>",
    "stackType": "IPV4_ONLY"
  },
  {
    "allowSubnetCidrRoutesOverlap": false,
    "creationTimestamp": "2026-10-02T23:51:16.865-07:00",
    "fingerprint": "<PRIVATE_RESOURCE_FINGERPRINT>",
    "gatewayAddress": "<IP_ADDRESS_089>",
    "id": "<NUMERIC_RESOURCE_0139>",
    "ipCidrRange": "<IP_ADDRESS_088>/20",
    "kind": "compute#subnetwork",
    "name": "default",
    "network": "<PRIVATE_URL_0281>",
    "privateIpGoogleAccess": false,
    "privateIpv6GoogleAccess": "DISABLE_GOOGLE_ACCESS",
    "purpose": "PRIVATE",
    "region": "<PRIVATE_URL_0335>",
    "selfLink": "<PRIVATE_URL_0335>",
    "stackType": "IPV4_ONLY"
  }
]
