[
  {
    "autoCreateSubnetworks": true,
    "creationTimestamp": "2026-10-02T23:51:08.504-07:00",
    "description": "Default network for the project",
    "id": "<NUMERIC_RESOURCE_0141>",
    "kind": "compute#network",
    "name": "default",
    "networkFirewallPolicyEnforcementOrder": "AFTER_CLASSIC_FIREWALL",
    "routingConfig": {
      "bgpBestPathSelectionMode": "LEGACY",
      "routingMode": "REGIONAL"
    },
    "selfLink": "<PRIVATE_URL_0281>",
    "selfLinkWithId": "<PRIVATE_URL_0280>",
    "subnetworks": [
      "<PRIVATE_URL_0345>",
      "<PRIVATE_URL_0389>",
      "<PRIVATE_URL_0407>",
      "<PRIVATE_URL_0325>",
      "<PRIVATE_URL_0359>",
      "<PRIVATE_URL_0415>",
      "<PRIVATE_URL_0350>",
      "<PRIVATE_URL_0327>",
      "<PRIVATE_URL_0371>",
      "<PRIVATE_URL_0413>",
      "<PRIVATE_URL_0321>",
      "<PRIVATE_URL_0323>",
      "<PRIVATE_URL_0367>",
      "<PRIVATE_URL_0315>",
      "<PRIVATE_URL_0357>",
      "<PRIVATE_URL_0365>",
      "<PRIVATE_URL_0331>",
      "<PRIVATE_URL_0319>",
      "<PRIVATE_URL_0369>",
      "<PRIVATE_URL_0317>",
      "<PRIVATE_URL_0375>",
      "<PRIVATE_URL_0373>",
      "<PRIVATE_URL_0335>",
      "<PRIVATE_URL_0381>",
      "<PRIVATE_URL_0410>",
      "<PRIVATE_URL_0391>",
      "<PRIVATE_URL_0387>",
      "<PRIVATE_URL_0379>",
      "<PRIVATE_URL_0385>",
      "<PRIVATE_URL_0403>",
      "<PRIVATE_URL_0401>",
      "<PRIVATE_URL_0398>",
      "<PRIVATE_URL_0333>",
      "<PRIVATE_URL_0361>",
      "<PRIVATE_URL_0383>",
      "<PRIVATE_URL_0417>",
      "<PRIVATE_URL_0353>",
      "<PRIVATE_URL_0363>",
      "<PRIVATE_URL_0355>",
      "<PRIVATE_URL_0377>",
      "<PRIVATE_URL_0405>",
      "<PRIVATE_URL_0329>"
    ],
    "x_gcloud_bgp_routing_mode": "REGIONAL",
    "x_gcloud_subnet_mode": "AUTO"
  },
  {
    "autoCreateSubnetworks": false,
    "creationTimestamp": "2026-10-05T02:23:54.373-07:00",
    "id": "<NUMERIC_RESOURCE_0085>",
    "kind": "compute#network",
    "name": "<W2_RUN_RESOURCE_PREFIX>-net",
    "networkFirewallPolicyEnforcementOrder": "AFTER_CLASSIC_FIREWALL",
    "routingConfig": {
      "bgpBestPathSelectionMode": "LEGACY",
      "routingMode": "REGIONAL"
    },
    "selfLink": "<PRIVATE_URL_0282>",
    "selfLinkWithId": "<PRIVATE_URL_0279>",
    "subnetworks": [
      "<PRIVATE_URL_0351>"
    ],
    "x_gcloud_bgp_routing_mode": "REGIONAL",
    "x_gcloud_subnet_mode": "CUSTOM"
  }
]
