Using CPython 3.14.7 interpreter at: /opt/homebrew/opt/python@3.14/bin/python3.14
Creating virtual environment at: .venv314
Activate with: source .venv314/bin/activate
Using Python 3.14.7 environment at: .venv314
Resolved 33 packages in 462ms
   Building psycopg2==2.9.11
      Built psycopg2==2.9.11
Prepared 5 packages in 3.02s
Installed 33 packages in 34ms
 + bcrypt==5.0.0
 + blinker==1.9.0
 + brotli==1.2.0
 + certifi==2026.7.22
 + cffi==2.1.1
 + charset-normalizer==3.5.1
 + click==8.5.0
 + cryptography==46.0.6
 + defusedxml==0.7.1
 + dnspython==2.8.0
 + flask==3.1.3
 + flask-compress==1.23
 + flask-cors==6.0.2
 + idna==3.20
 + itsdangerous==2.2.0
 + jinja2==3.1.6
 + markupsafe==3.0.3
 + mohawk==1.1.0
 + psycopg2==2.9.11
 + pycparser==3.0
 + pyjwt==2.12.1
 + pymongo==4.16.0
 + pyparsing==3.3.2
 + python-dateutil==2.9.0.post0
 + pytz==2026.1.post1
 + pyyaml==6.0.3
 + requests==2.32.5
 + requests-hawk==1.2.1
 + sentry-sdk==2.56.0
 + six==1.17.0
 + strenum==0.4.15
 + urllib3==2.8.0
 + werkzeug==3.1.7
Python 3.14.7
