npm warn ERESOLVE overriding peer dependency
npm warn While resolving: acorn-import-phases@1.0.4
npm warn Found: acorn@6.4.2
npm warn node_modules/acorn
npm warn   acorn@"^6.1.1" from @alerta/vue-authenticate@1.5.0
npm warn   node_modules/@alerta/vue-authenticate
npm warn     @alerta/vue-authenticate@"github:alerta/vue-authenticate" from the root project
npm warn   3 more (acorn-dynamic-import, acorn-jsx, vue-authenticate)
npm warn
npm warn Could not resolve dependency:
npm warn peer acorn@"^8.14.0" from acorn-import-phases@1.0.4
npm warn node_modules/acorn-import-phases
npm warn   acorn-import-phases@"^1.0.3" from webpack@5.105.4
npm warn   node_modules/webpack
npm warn
npm warn Conflicting peer dependency: acorn@8.18.0
npm warn node_modules/acorn
npm warn   peer acorn@"^8.14.0" from acorn-import-phases@1.0.4
npm warn   node_modules/acorn-import-phases
npm warn     acorn-import-phases@"^1.0.3" from webpack@5.105.4
npm warn     node_modules/webpack
npm warn EBADENGINE Unsupported engine {
npm warn EBADENGINE   package: '@achrinza/node-ipc@9.2.10',
npm warn EBADENGINE   required: {
npm warn EBADENGINE     node: '8 || 9 || 10 || 11 || 12 || 13 || 14 || 15 || 16 || 17 || 18 || 19 || 20 || 21 || 22 || 23 || 24 || 25'
npm warn EBADENGINE   },
npm warn EBADENGINE   current: { node: 'v26.8.1', npm: '11.19.0' }
npm warn EBADENGINE }
npm warn deprecated stable@0.1.8: Modern JS already guarantees Array#sort() is a stable sort, so this library is deprecated. See the compatibility table on MDN: https://developer.mozilla.org/en-US/docs/Web/JavaScript/Reference/Global_Objects/Array/sort#browser_compatibility
npm warn deprecated @babel/plugin-proposal-class-properties@7.18.6: This proposal has been merged to the ECMAScript standard and thus this plugin is no longer maintained. Please use @babel/plugin-transform-class-properties instead.
npm warn deprecated @humanwhocodes/config-array@0.13.0: Use @eslint/config-array instead
npm warn deprecated rimraf@3.0.2: Rimraf versions prior to v4 are no longer supported
npm warn deprecated abab@2.0.6: Use your platform's native atob() and btoa() methods instead
npm warn deprecated whatwg-encoding@1.0.5: Use @exodus/bytes instead for a more spec-conformant and faster implementation
npm warn deprecated @humanwhocodes/object-schema@2.0.3: Use @eslint/object-schema instead
npm warn deprecated domexception@2.0.1: Use your platform's native DOMException instead
npm warn deprecated w3c-hr-time@1.0.2: Use your platform's native performance.now() and performance.timeOrigin.
npm warn deprecated consolidate@0.15.1: Please upgrade to consolidate v1.0.0+ as it has been modernized with several long-awaited fixes implemented. Maintenance is supported by Forward Email at <PRIVATE_URL_0130> ; follow/watch https://github.com/ladjs/consolidate for updates and release changelog
npm warn deprecated acorn-dynamic-import@4.0.0: This is probably built in to whatever tool you're using. If you still need it... idk
npm warn deprecated glob@10.5.0: Old versions of glob are not supported, and contain widely publicized security vulnerabilities, which have been fixed in the current version. Please update. Support for old versions may be purchased (at exorbitant rates) by contacting <ACCOUNT_EMAIL_019>
npm warn deprecated vue@2.7.16: Vue 2 has reached EOL and is no longer actively maintained. See https://v2.vuejs.org/eol/ for more details.
npm warn deprecated eslint@8.57.1: This version is no longer supported. Please see <PRIVATE_URL_0124> for other options.

added 1400 packages in 1m
npm warn install-scripts 5 packages have install scripts not yet covered by allowScripts:
npm warn install-scripts   @parcel/watcher@2.5.6 (install: node scripts/build-from-source.js)
npm warn install-scripts   core-js@3.49.0 (postinstall: node -e "try{require('./postinstall')}catch(e){}")
npm warn install-scripts   cypress@15.13.0 (postinstall: node dist/index.js --exec install)
npm warn install-scripts   fsevents@2.3.3 (install: (install scripts present))
npm warn install-scripts   yorkie@2.0.0 (install: node bin/install.js)
npm warn install-scripts
npm warn install-scripts Run `npm install-scripts ls` to review, or `npm install-scripts approve <pkg>` to allow.
