[
  {
    "endTime": "2026-10-04T19:59:07.227-07:00",
    "id": "<NUMERIC_RESOURCE_0019>",
    "insertTime": "2026-10-04T19:58:54.306-07:00",
    "kind": "compute#operation",
    "name": "<CLIENT_RESOURCE_00868>",
    "operationType": "insert",
    "progress": 100,
    "selfLink": "<PRIVATE_URL_0284>",
    "startTime": "2026-10-04T19:58:54.309-07:00",
    "status": "DONE",
    "targetId": "<NUMERIC_RESOURCE_0050>",
    "targetLink": "<PRIVATE_URL_0283>",
    "user": "<ACCOUNT_EMAIL_011>"
  },
  {
    "endTime": "2026-10-04T19:59:26.783-07:00",
    "id": "<NUMERIC_RESOURCE_0020>",
    "insertTime": "2026-10-04T19:59:21.731-07:00",
    "kind": "compute#operation",
    "name": "<CLIENT_RESOURCE_00870>",
    "operationType": "insert",
    "progress": 100,
    "selfLink": "<PRIVATE_URL_0285>",
    "startTime": "2026-10-04T19:59:21.736-07:00",
    "status": "DONE",
    "targetId": "<NUMERIC_RESOURCE_0123>",
    "targetLink": "<PRIVATE_URL_0273>",
    "user": "<ACCOUNT_EMAIL_011>"
  },
  {
    "endTime": "2026-10-04T19:59:33.080-07:00",
    "id": "<NUMERIC_RESOURCE_0033>",
    "insertTime": "2026-10-04T19:59:28.634-07:00",
    "kind": "compute#operation",
    "name": "<CLIENT_RESOURCE_00871>",
    "operationType": "insert",
    "progress": 100,
    "selfLink": "<PRIVATE_URL_0286>",
    "startTime": "2026-10-04T19:59:28.637-07:00",
    "status": "DONE",
    "targetId": "<NUMERIC_RESOURCE_0014>",
    "targetLink": "<PRIVATE_URL_0272>",
    "user": "<ACCOUNT_EMAIL_011>"
  },
  {
    "endTime": "2026-10-04T20:00:21.933-07:00",
    "id": "<NUMERIC_RESOURCE_0032>",
    "insertTime": "2026-10-04T20:00:08.511-07:00",
    "kind": "compute#operation",
    "name": "<CLIENT_RESOURCE_00874>",
    "operationType": "compute.projects.setCommonInstanceMetadata",
    "progress": 100,
    "selfLink": "<PRIVATE_URL_0287>",
    "startTime": "2026-10-04T20:00:08.514-07:00",
    "status": "DONE",
    "targetId": "<NUMERIC_RESOURCE_0071>",
    "targetLink": "<PRIVATE_URL_0469>",
    "user": "<ACCOUNT_EMAIL_011>"
  },
  {
    "endTime": "2026-10-04T20:00:21.048-07:00",
    "id": "<NUMERIC_RESOURCE_0073>",
    "insertTime": "2026-10-04T20:00:09.729-07:00",
    "kind": "compute#operation",
    "name": "<CLIENT_RESOURCE_00875>",
    "operationType": "compute.projects.setCommonInstanceMetadata",
    "progress": 100,
    "selfLink": "<PRIVATE_URL_0288>",
    "startTime": "2026-10-04T20:00:09.734-07:00",
    "status": "DONE",
    "targetId": "<NUMERIC_RESOURCE_0071>",
    "targetLink": "<PRIVATE_URL_0469>"
  },
  {
    "endTime": "2026-10-04T22:01:11.261-07:00",
    "id": "<NUMERIC_RESOURCE_0057>",
    "insertTime": "2026-10-04T22:01:05.658-07:00",
    "kind": "compute#operation",
    "name": "<CLIENT_RESOURCE_00882>",
    "operationType": "delete",
    "progress": 100,
    "selfLink": "<PRIVATE_URL_0289>",
    "startTime": "2026-10-04T22:01:05.699-07:00",
    "status": "DONE",
    "targetId": "<NUMERIC_RESOURCE_0123>",
    "targetLink": "<PRIVATE_URL_0273>",
    "user": "<ACCOUNT_EMAIL_011>"
  },
  {
    "endTime": "2026-10-04T22:01:10.558-07:00",
    "id": "<NUMERIC_RESOURCE_0077>",
    "insertTime": "2026-10-04T22:01:05.573-07:00",
    "kind": "compute#operation",
    "name": "<CLIENT_RESOURCE_00883>",
    "operationType": "delete",
    "progress": 100,
    "selfLink": "<PRIVATE_URL_0290>",
    "startTime": "2026-10-04T22:01:05.618-07:00",
    "status": "DONE",
    "targetId": "<NUMERIC_RESOURCE_0014>",
    "targetLink": "<PRIVATE_URL_0272>",
    "user": "<ACCOUNT_EMAIL_011>"
  },
  {
    "endTime": "2026-10-04T22:01:40.622-07:00",
    "id": "<NUMERIC_RESOURCE_0062>",
    "insertTime": "2026-10-04T22:01:23.648-07:00",
    "kind": "compute#operation",
    "name": "<CLIENT_RESOURCE_00885>",
    "operationType": "delete",
    "progress": 100,
    "selfLink": "<PRIVATE_URL_0291>",
    "startTime": "2026-10-04T22:01:23.690-07:00",
    "status": "DONE",
    "targetId": "<NUMERIC_RESOURCE_0050>",
    "targetLink": "<PRIVATE_URL_0283>",
    "user": "<ACCOUNT_EMAIL_011>"
  },
  {
    "endTime": "2026-10-04T22:01:52.645-07:00",
    "id": "<NUMERIC_RESOURCE_0179>",
    "insertTime": "2026-10-04T22:01:43.800-07:00",
    "kind": "compute#operation",
    "name": "<CLIENT_RESOURCE_00886>",
    "operationType": "compute.projects.setCommonInstanceMetadata",
    "progress": 100,
    "selfLink": "<PRIVATE_URL_0292>",
    "startTime": "2026-10-04T22:01:43.818-07:00",
    "status": "DONE",
    "targetId": "<NUMERIC_RESOURCE_0071>",
    "targetLink": "<PRIVATE_URL_0469>",
    "user": "<ACCOUNT_EMAIL_011>"
  },
  {
    "endTime": "2026-10-04T22:01:51.738-07:00",
    "id": "<NUMERIC_RESOURCE_0009>",
    "insertTime": "2026-10-04T22:01:45.170-07:00",
    "kind": "compute#operation",
    "name": "<CLIENT_RESOURCE_00887>",
    "operationType": "compute.projects.setCommonInstanceMetadata",
    "progress": 100,
    "selfLink": "<PRIVATE_URL_0293>",
    "startTime": "2026-10-04T22:01:45.179-07:00",
    "status": "DONE",
    "targetId": "<NUMERIC_RESOURCE_0071>",
    "targetLink": "<PRIVATE_URL_0469>"
  },
  {
    "endTime": "2026-10-05T02:24:07.687-07:00",
    "id": "<NUMERIC_RESOURCE_0088>",
    "insertTime": "2026-10-05T02:23:54.425-07:00",
    "kind": "compute#operation",
    "name": "<CLIENT_RESOURCE_00888>",
    "operationType": "insert",
    "progress": 100,
    "selfLink": "<PRIVATE_URL_0294>",
    "startTime": "2026-10-05T02:23:54.429-07:00",
    "status": "DONE",
    "targetId": "<NUMERIC_RESOURCE_0085>",
    "targetLink": "<PRIVATE_URL_0282>",
    "user": "<ACCOUNT_EMAIL_011>"
  },
  {
    "endTime": "2026-10-05T02:24:51.172-07:00",
    "id": "<NUMERIC_RESOURCE_0154>",
    "insertTime": "2026-10-05T02:24:45.276-07:00",
    "kind": "compute#operation",
    "name": "<CLIENT_RESOURCE_00890>",
    "operationType": "insert",
    "progress": 100,
    "selfLink": "<PRIVATE_URL_0295>",
    "startTime": "2026-10-05T02:24:45.278-07:00",
    "status": "DONE",
    "targetId": "<NUMERIC_RESOURCE_0176>",
    "targetLink": "<PRIVATE_URL_0272>",
    "user": "<ACCOUNT_EMAIL_011>"
  },
  {
    "endTime": "2026-10-05T03:00:23.934-07:00",
    "id": "<NUMERIC_RESOURCE_0156>",
    "insertTime": "2026-10-05T03:00:09.331-07:00",
    "kind": "compute#operation",
    "name": "<CLIENT_RESOURCE_00895>",
    "operationType": "compute.projects.setCommonInstanceMetadata",
    "progress": 100,
    "selfLink": "<PRIVATE_URL_0296>",
    "startTime": "2026-10-05T03:00:09.334-07:00",
    "status": "DONE",
    "targetId": "<NUMERIC_RESOURCE_0071>",
    "targetLink": "<PRIVATE_URL_0469>",
    "user": "<ACCOUNT_EMAIL_011>"
  },
  {
    "endTime": "2026-10-05T03:00:22.746-07:00",
    "id": "<NUMERIC_RESOURCE_0135>",
    "insertTime": "2026-10-05T03:00:10.650-07:00",
    "kind": "compute#operation",
    "name": "<CLIENT_RESOURCE_00896>",
    "operationType": "compute.projects.setCommonInstanceMetadata",
    "progress": 100,
    "selfLink": "<PRIVATE_URL_0297>",
    "startTime": "2026-10-05T03:00:10.656-07:00",
    "status": "DONE",
    "targetId": "<NUMERIC_RESOURCE_0071>",
    "targetLink": "<PRIVATE_URL_0469>"
  },
  {
    "endTime": "2026-10-05T03:00:59.165-07:00",
    "id": "<NUMERIC_RESOURCE_0117>",
    "insertTime": "2026-10-05T03:00:47.926-07:00",
    "kind": "compute#operation",
    "name": "<CLIENT_RESOURCE_00897>",
    "operationType": "compute.projects.setCommonInstanceMetadata",
    "progress": 100,
    "selfLink": "<PRIVATE_URL_0298>",
    "startTime": "2026-10-05T03:00:47.934-07:00",
    "status": "DONE",
    "targetId": "<NUMERIC_RESOURCE_0071>",
    "targetLink": "<PRIVATE_URL_0469>",
    "user": "<ACCOUNT_EMAIL_011>"
  },
  {
    "endTime": "2026-10-05T03:00:58.209-07:00",
    "id": "<NUMERIC_RESOURCE_0074>",
    "insertTime": "2026-10-05T03:00:49.663-07:00",
    "kind": "compute#operation",
    "name": "<CLIENT_RESOURCE_00898>",
    "operationType": "compute.projects.setCommonInstanceMetadata",
    "progress": 100,
    "selfLink": "<PRIVATE_URL_0299>",
    "startTime": "2026-10-05T03:00:49.671-07:00",
    "status": "DONE",
    "targetId": "<NUMERIC_RESOURCE_0071>",
    "targetLink": "<PRIVATE_URL_0469>"
  },
  {
    "endTime": "2026-10-05T03:01:21.020-07:00",
    "id": "<NUMERIC_RESOURCE_0152>",
    "insertTime": "2026-10-05T03:01:06.773-07:00",
    "kind": "compute#operation",
    "name": "<CLIENT_RESOURCE_00899>",
    "operationType": "compute.projects.setCommonInstanceMetadata",
    "progress": 100,
    "selfLink": "<PRIVATE_URL_0300>",
    "startTime": "2026-10-05T03:01:06.778-07:00",
    "status": "DONE",
    "targetId": "<NUMERIC_RESOURCE_0071>",
    "targetLink": "<PRIVATE_URL_0469>",
    "user": "<ACCOUNT_EMAIL_011>"
  },
  {
    "endTime": "2026-10-05T03:01:19.602-07:00",
    "id": "<NUMERIC_RESOURCE_0094>",
    "insertTime": "2026-10-05T03:01:08.190-07:00",
    "kind": "compute#operation",
    "name": "<CLIENT_RESOURCE_00900>",
    "operationType": "compute.projects.setCommonInstanceMetadata",
    "progress": 100,
    "selfLink": "<PRIVATE_URL_0301>",
    "startTime": "2026-10-05T03:01:08.193-07:00",
    "status": "DONE",
    "targetId": "<NUMERIC_RESOURCE_0071>",
    "targetLink": "<PRIVATE_URL_0469>"
  },
  {
    "endTime": "2026-10-05T03:01:43.272-07:00",
    "id": "<NUMERIC_RESOURCE_0031>",
    "insertTime": "2026-10-05T03:01:29.035-07:00",
    "kind": "compute#operation",
    "name": "<CLIENT_RESOURCE_00901>",
    "operationType": "compute.projects.setCommonInstanceMetadata",
    "progress": 100,
    "selfLink": "<PRIVATE_URL_0302>",
    "startTime": "2026-10-05T03:01:29.051-07:00",
    "status": "DONE",
    "targetId": "<NUMERIC_RESOURCE_0071>",
    "targetLink": "<PRIVATE_URL_0469>",
    "user": "<ACCOUNT_EMAIL_011>"
  },
  {
    "endTime": "2026-10-05T03:01:42.449-07:00",
    "id": "<NUMERIC_RESOURCE_0102>",
    "insertTime": "2026-10-05T03:01:30.427-07:00",
    "kind": "compute#operation",
    "name": "<CLIENT_RESOURCE_00902>",
    "operationType": "compute.projects.setCommonInstanceMetadata",
    "progress": 100,
    "selfLink": "<PRIVATE_URL_0303>",
    "startTime": "2026-10-05T03:01:30.437-07:00",
    "status": "DONE",
    "targetId": "<NUMERIC_RESOURCE_0071>",
    "targetLink": "<PRIVATE_URL_0469>"
  },
  {
    "endTime": "2026-10-05T03:03:53.205-07:00",
    "id": "<NUMERIC_RESOURCE_0167>",
    "insertTime": "2026-10-05T03:03:38.083-07:00",
    "kind": "compute#operation",
    "name": "<CLIENT_RESOURCE_00903>",
    "operationType": "compute.projects.setCommonInstanceMetadata",
    "progress": 100,
    "selfLink": "<PRIVATE_URL_0304>",
    "startTime": "2026-10-05T03:03:38.089-07:00",
    "status": "DONE",
    "targetId": "<NUMERIC_RESOURCE_0071>",
    "targetLink": "<PRIVATE_URL_0469>",
    "user": "<ACCOUNT_EMAIL_011>"
  },
  {
    "endTime": "2026-10-05T03:03:51.676-07:00",
    "id": "<NUMERIC_RESOURCE_0048>",
    "insertTime": "2026-10-05T03:03:39.393-07:00",
    "kind": "compute#operation",
    "name": "<CLIENT_RESOURCE_00904>",
    "operationType": "compute.projects.setCommonInstanceMetadata",
    "progress": 100,
    "selfLink": "<PRIVATE_URL_0305>",
    "startTime": "2026-10-05T03:03:39.397-07:00",
    "status": "DONE",
    "targetId": "<NUMERIC_RESOURCE_0071>",
    "targetLink": "<PRIVATE_URL_0469>"
  },
  {
    "endTime": "2026-10-05T03:05:46.599-07:00",
    "id": "<NUMERIC_RESOURCE_0016>",
    "insertTime": "2026-10-05T03:05:33.397-07:00",
    "kind": "compute#operation",
    "name": "<CLIENT_RESOURCE_00905>",
    "operationType": "compute.projects.setCommonInstanceMetadata",
    "progress": 100,
    "selfLink": "<PRIVATE_URL_0306>",
    "startTime": "2026-10-05T03:05:33.432-07:00",
    "status": "DONE",
    "targetId": "<NUMERIC_RESOURCE_0071>",
    "targetLink": "<PRIVATE_URL_0469>",
    "user": "<ACCOUNT_EMAIL_011>"
  },
  {
    "endTime": "2026-10-05T03:05:45.110-07:00",
    "id": "<NUMERIC_RESOURCE_0132>",
    "insertTime": "2026-10-05T03:05:34.883-07:00",
    "kind": "compute#operation",
    "name": "<CLIENT_RESOURCE_00906>",
    "operationType": "compute.projects.setCommonInstanceMetadata",
    "progress": 100,
    "selfLink": "<PRIVATE_URL_0307>",
    "startTime": "2026-10-05T03:05:34.889-07:00",
    "status": "DONE",
    "targetId": "<NUMERIC_RESOURCE_0071>",
    "targetLink": "<PRIVATE_URL_0469>"
  },
  {
    "endTime": "2026-10-05T03:07:01.240-07:00",
    "id": "<NUMERIC_RESOURCE_0158>",
    "insertTime": "2026-10-05T03:06:48.523-07:00",
    "kind": "compute#operation",
    "name": "<CLIENT_RESOURCE_00907>",
    "operationType": "compute.projects.setCommonInstanceMetadata",
    "progress": 100,
    "selfLink": "<PRIVATE_URL_0308>",
    "startTime": "2026-10-05T03:06:48.541-07:00",
    "status": "DONE",
    "targetId": "<NUMERIC_RESOURCE_0071>",
    "targetLink": "<PRIVATE_URL_0469>",
    "user": "<ACCOUNT_EMAIL_011>"
  },
  {
    "endTime": "2026-10-05T03:07:00.589-07:00",
    "id": "<NUMERIC_RESOURCE_0063>",
    "insertTime": "2026-10-05T03:06:50.220-07:00",
    "kind": "compute#operation",
    "name": "<CLIENT_RESOURCE_00908>",
    "operationType": "compute.projects.setCommonInstanceMetadata",
    "progress": 100,
    "selfLink": "<PRIVATE_URL_0309>",
    "startTime": "2026-10-05T03:06:50.230-07:00",
    "status": "DONE",
    "targetId": "<NUMERIC_RESOURCE_0071>",
    "targetLink": "<PRIVATE_URL_0469>"
  },
  {
    "endTime": "2026-10-05T03:07:39.120-07:00",
    "id": "<NUMERIC_RESOURCE_0012>",
    "insertTime": "2026-10-05T03:07:27.725-07:00",
    "kind": "compute#operation",
    "name": "<CLIENT_RESOURCE_00909>",
    "operationType": "compute.projects.setCommonInstanceMetadata",
    "progress": 100,
    "selfLink": "<PRIVATE_URL_0310>",
    "startTime": "2026-10-05T03:07:27.730-07:00",
    "status": "DONE",
    "targetId": "<NUMERIC_RESOURCE_0071>",
    "targetLink": "<PRIVATE_URL_0469>",
    "user": "<ACCOUNT_EMAIL_011>"
  },
  {
    "endTime": "2026-10-05T03:07:38.320-07:00",
    "id": "<NUMERIC_RESOURCE_0044>",
    "insertTime": "2026-10-05T03:07:29.343-07:00",
    "kind": "compute#operation",
    "name": "<CLIENT_RESOURCE_00910>",
    "operationType": "compute.projects.setCommonInstanceMetadata",
    "progress": 100,
    "selfLink": "<PRIVATE_URL_0311>",
    "startTime": "2026-10-05T03:07:29.347-07:00",
    "status": "DONE",
    "targetId": "<NUMERIC_RESOURCE_0071>",
    "targetLink": "<PRIVATE_URL_0469>"
  },
  {
    "endTime": "2026-10-05T03:09:13.541-07:00",
    "id": "<NUMERIC_RESOURCE_0119>",
    "insertTime": "2026-10-05T03:09:08.583-07:00",
    "kind": "compute#operation",
    "name": "<CLIENT_RESOURCE_00911>",
    "operationType": "insert",
    "progress": 100,
    "selfLink": "<PRIVATE_URL_0312>",
    "startTime": "2026-10-05T03:09:08.591-07:00",
    "status": "DONE",
    "targetId": "<NUMERIC_RESOURCE_0045>",
    "targetLink": "<PRIVATE_URL_0273>",
    "user": "<ACCOUNT_EMAIL_011>"
  },
  {
    "endTime": "2026-10-04T19:22:22.964-07:00",
    "id": "<NUMERIC_RESOURCE_0157>",
    "insertTime": "2026-10-04T19:22:22.190-07:00",
    "kind": "compute#operation",
    "name": "<CLIENT_RESOURCE_00867>",
    "operationType": "insert",
    "progress": 100,
    "region": "<PRIVATE_URL_0399>",
    "selfLink": "<PRIVATE_URL_0393>",
    "startTime": "2026-10-04T19:22:22.390-07:00",
    "status": "DONE",
    "targetId": "<NUMERIC_RESOURCE_0021>",
    "targetLink": "<PRIVATE_URL_0393>",
    "user": "<ACCOUNT_EMAIL_011>"
  },
  {
    "endTime": "2026-10-04T19:59:19.232-07:00",
    "id": "<NUMERIC_RESOURCE_0170>",
    "insertTime": "2026-10-04T19:59:10.370-07:00",
    "kind": "compute#operation",
    "name": "<CLIENT_RESOURCE_00869>",
    "operationType": "insert",
    "progress": 100,
    "region": "<PRIVATE_URL_0399>",
    "selfLink": "<PRIVATE_URL_0394>",
    "startTime": "2026-10-04T19:59:10.701-07:00",
    "status": "DONE",
    "targetId": "<NUMERIC_RESOURCE_0178>",
    "targetLink": "<PRIVATE_URL_0399>",
    "user": "<ACCOUNT_EMAIL_011>"
  },
  {
    "endTime": "2026-10-04T22:01:03.764-07:00",
    "id": "<NUMERIC_RESOURCE_0114>",
    "insertTime": "2026-10-04T22:01:03.056-07:00",
    "kind": "compute#operation",
    "name": "<CLIENT_RESOURCE_00881>",
    "operationType": "delete",
    "progress": 100,
    "region": "<PRIVATE_URL_0399>",
    "selfLink": "<PRIVATE_URL_0395>",
    "startTime": "2026-10-04T22:01:03.070-07:00",
    "status": "DONE",
    "targetId": "<NUMERIC_RESOURCE_0021>",
    "targetLink": "<PRIVATE_URL_0393>",
    "user": "<ACCOUNT_EMAIL_011>"
  },
  {
    "endTime": "2026-10-04T22:01:22.419-07:00",
    "id": "<NUMERIC_RESOURCE_0004>",
    "insertTime": "2026-10-04T22:01:13.744-07:00",
    "kind": "compute#operation",
    "name": "<CLIENT_RESOURCE_00884>",
    "operationType": "delete",
    "progress": 100,
    "region": "<PRIVATE_URL_0399>",
    "selfLink": "<PRIVATE_URL_0396>",
    "startTime": "2026-10-04T22:01:13.747-07:00",
    "status": "DONE",
    "targetId": "<NUMERIC_RESOURCE_0178>",
    "targetLink": "<PRIVATE_URL_0399>",
    "user": "<ACCOUNT_EMAIL_011>"
  },
  {
    "endTime": "2026-10-02T23:54:03.164-07:00",
    "id": "<NUMERIC_RESOURCE_0134>",
    "insertTime": "2026-10-02T23:53:58.374-07:00",
    "kind": "compute#operation",
    "name": "<CLIENT_RESOURCE_00852>",
    "operationType": "insert",
    "progress": 100,
    "region": "<PRIVATE_URL_0345>",
    "selfLink": "<PRIVATE_URL_0339>",
    "startTime": "2026-10-02T23:53:58.377-07:00",
    "status": "DONE",
    "targetId": "4921297200072169580",
    "targetLink": "<PRIVATE_URL_0336>",
    "user": "<ACCOUNT_EMAIL_051>"
  },
  {
    "endTime": "2026-10-03T01:48:50.322-07:00",
    "id": "<NUMERIC_RESOURCE_0035>",
    "insertTime": "2026-10-03T01:48:49.892-07:00",
    "kind": "compute#operation",
    "name": "<CLIENT_RESOURCE_00859>",
    "operationType": "delete",
    "progress": 100,
    "region": "<PRIVATE_URL_0345>",
    "selfLink": "<PRIVATE_URL_0340>",
    "startTime": "2026-10-03T01:48:49.898-07:00",
    "status": "DONE",
    "targetId": "4921297200072169580",
    "targetLink": "<PRIVATE_URL_0336>",
    "user": "<ACCOUNT_EMAIL_051>"
  },
  {
    "endTime": "2026-10-03T21:19:03.479-07:00",
    "id": "<NUMERIC_RESOURCE_0126>",
    "insertTime": "2026-10-03T21:19:02.868-07:00",
    "kind": "compute#operation",
    "name": "<CLIENT_RESOURCE_00863>",
    "operationType": "insert",
    "progress": 100,
    "region": "<PRIVATE_URL_0345>",
    "selfLink": "<PRIVATE_URL_0341>",
    "startTime": "2026-10-03T21:19:02.873-07:00",
    "status": "DONE",
    "targetId": "8790684037911702873",
    "targetLink": "<PRIVATE_URL_0337>",
    "user": "<ACCOUNT_EMAIL_051>"
  },
  {
    "endTime": "2026-10-03T22:48:50.415-07:00",
    "id": "<NUMERIC_RESOURCE_0065>",
    "insertTime": "2026-10-03T22:48:49.918-07:00",
    "kind": "compute#operation",
    "name": "<CLIENT_RESOURCE_00866>",
    "operationType": "delete",
    "progress": 100,
    "region": "<PRIVATE_URL_0345>",
    "selfLink": "<PRIVATE_URL_0342>",
    "startTime": "2026-10-03T22:48:49.925-07:00",
    "status": "DONE",
    "targetId": "8790684037911702873",
    "targetLink": "<PRIVATE_URL_0337>",
    "user": "<ACCOUNT_EMAIL_051>"
  },
  {
    "endTime": "2026-10-05T02:24:38.593-07:00",
    "id": "<NUMERIC_RESOURCE_0097>",
    "insertTime": "2026-10-05T02:24:17.636-07:00",
    "kind": "compute#operation",
    "name": "<CLIENT_RESOURCE_00889>",
    "operationType": "insert",
    "progress": 100,
    "region": "<PRIVATE_URL_0351>",
    "selfLink": "<PRIVATE_URL_0347>",
    "startTime": "2026-10-05T02:24:21.168-07:00",
    "status": "DONE",
    "targetId": "<NUMERIC_RESOURCE_0043>",
    "targetLink": "<PRIVATE_URL_0351>",
    "user": "<ACCOUNT_EMAIL_011>"
  },
  {
    "endTime": "2026-10-05T02:25:03.247-07:00",
    "id": "<NUMERIC_RESOURCE_0096>",
    "insertTime": "2026-10-05T02:25:00.667-07:00",
    "kind": "compute#operation",
    "name": "<CLIENT_RESOURCE_00891>",
    "operationType": "insert",
    "progress": 100,
    "region": "<PRIVATE_URL_0351>",
    "selfLink": "<PRIVATE_URL_0348>",
    "startTime": "2026-10-05T02:25:02.846-07:00",
    "status": "DONE",
    "targetId": "<NUMERIC_RESOURCE_0095>",
    "targetLink": "<PRIVATE_URL_0346>",
    "user": "<ACCOUNT_EMAIL_011>"
  },
  {
    "endTime": "2026-10-04T19:59:37.433-07:00",
    "id": "<NUMERIC_RESOURCE_0086>",
    "insertTime": "2026-10-04T19:59:36.848-07:00",
    "kind": "compute#operation",
    "name": "<CLIENT_RESOURCE_00872>",
    "operationType": "insert",
    "progress": 100,
    "selfLink": "<PRIVATE_URL_0455>",
    "startTime": "2026-10-04T19:59:36.852-07:00",
    "status": "DONE",
    "targetId": "<NUMERIC_RESOURCE_0116>",
    "targetLink": "<PRIVATE_URL_0453>",
    "user": "<ACCOUNT_EMAIL_011>",
    "zone": "<PRIVATE_URL_0462>"
  },
  {
    "endTime": "2026-10-04T19:59:54.677-07:00",
    "id": "<NUMERIC_RESOURCE_0124>",
    "insertTime": "2026-10-04T19:59:43.456-07:00",
    "kind": "compute#operation",
    "name": "<CLIENT_RESOURCE_00873>",
    "operationType": "insert",
    "progress": 100,
    "selfLink": "<PRIVATE_URL_0456>",
    "startTime": "2026-10-04T19:59:43.640-07:00",
    "status": "DONE",
    "targetId": "<NUMERIC_RESOURCE_0107>",
    "targetLink": "<PRIVATE_URL_0454>",
    "user": "<ACCOUNT_EMAIL_011>",
    "warnings": [
      {
        "code": "DISK_SIZE_LARGER_THAN_IMAGE_SIZE",
        "data": [
          {
            "key": "disk_size_gb",
            "value": "20"
          },
          {
            "key": "image_size_gb",
            "value": "10"
          }
        ],
        "message": "Disk size: '20 GB' is larger than image size: '10 GB'. You might need to resize the root repartition manually if the operating system does not support automatic resizing. See <PRIVATE_URL_0075>ogle.com/compute/docs/disks/add-persistent-disk#resize_pd for details."
      }
    ],
    "zone": "<PRIVATE_URL_0462>"
  },
  {
    "endTime": "2026-10-04T20:54:17.892-07:00",
    "id": "<NUMERIC_RESOURCE_0046>",
    "insertTime": "2026-10-04T20:53:56.524-07:00",
    "kind": "compute#operation",
    "name": "<CLIENT_RESOURCE_00876>",
    "operationType": "stop",
    "progress": 100,
    "selfLink": "<PRIVATE_URL_0457>",
    "startTime": "2026-10-04T20:53:56.536-07:00",
    "status": "DONE",
    "targetId": "<NUMERIC_RESOURCE_0107>",
    "targetLink": "<PRIVATE_URL_0454>",
    "user": "<ACCOUNT_EMAIL_011>",
    "zone": "<PRIVATE_URL_0462>"
  },
  {
    "endTime": "2026-10-04T20:55:07.740-07:00",
    "id": "<NUMERIC_RESOURCE_0023>",
    "insertTime": "2026-10-04T20:54:55.842-07:00",
    "kind": "compute#operation",
    "name": "<CLIENT_RESOURCE_00877>",
    "operationType": "start",
    "progress": 100,
    "selfLink": "<PRIVATE_URL_0458>",
    "startTime": "2026-10-04T20:54:55.893-07:00",
    "status": "DONE",
    "targetId": "<NUMERIC_RESOURCE_0107>",
    "targetLink": "<PRIVATE_URL_0454>",
    "user": "<ACCOUNT_EMAIL_011>",
    "zone": "<PRIVATE_URL_0462>"
  },
  {
    "endTime": "2026-10-04T22:00:59.433-07:00",
    "id": "<NUMERIC_RESOURCE_0084>",
    "insertTime": "2026-10-04T22:00:39.854-07:00",
    "kind": "compute#operation",
    "name": "<CLIENT_RESOURCE_00878>",
    "operationType": "delete",
    "progress": 100,
    "selfLink": "<PRIVATE_URL_0459>",
    "startTime": "2026-10-04T22:00:39.888-07:00",
    "status": "DONE",
    "targetId": "<NUMERIC_RESOURCE_0107>",
    "targetLink": "<PRIVATE_URL_0454>",
    "user": "<ACCOUNT_EMAIL_011>",
    "zone": "<PRIVATE_URL_0462>"
  },
  {
    "endTime": "2026-10-04T22:01:00.873-07:00",
    "id": "<NUMERIC_RESOURCE_0022>",
    "insertTime": "2026-10-04T22:01:00.618-07:00",
    "kind": "compute#operation",
    "name": "<CLIENT_RESOURCE_00879>",
    "operationType": "delete",
    "progress": 100,
    "selfLink": "<PRIVATE_URL_0460>",
    "startTime": "2026-10-04T22:01:00.641-07:00",
    "status": "DONE",
    "targetId": "<NUMERIC_RESOURCE_0116>",
    "targetLink": "<PRIVATE_URL_0453>",
    "user": "<ACCOUNT_EMAIL_011>",
    "zone": "<PRIVATE_URL_0462>"
  },
  {
    "endTime": "2026-10-04T22:01:00.835-07:00",
    "id": "<NUMERIC_RESOURCE_0064>",
    "insertTime": "2026-10-04T22:01:00.615-07:00",
    "kind": "compute#operation",
    "name": "<CLIENT_RESOURCE_00880>",
    "operationType": "delete",
    "progress": 100,
    "selfLink": "<PRIVATE_URL_0461>",
    "startTime": "2026-10-04T22:01:00.631-07:00",
    "status": "DONE",
    "targetId": "<NUMERIC_RESOURCE_0146>",
    "targetLink": "<PRIVATE_URL_0452>",
    "user": "<ACCOUNT_EMAIL_011>",
    "zone": "<PRIVATE_URL_0462>"
  },
  {
    "endTime": "2026-10-02T23:53:23.631-07:00",
    "id": "<NUMERIC_RESOURCE_0029>",
    "insertTime": "2026-10-02T23:53:06.099-07:00",
    "kind": "compute#operation",
    "name": "<CLIENT_RESOURCE_00851>",
    "operationType": "insert",
    "progress": 100,
    "selfLink": "<PRIVATE_URL_0420>",
    "startTime": "2026-10-02T23:53:11.404-07:00",
    "status": "DONE",
    "targetId": "9005786793348241571",
    "targetLink": "<PRIVATE_URL_0418>",
    "user": "<ACCOUNT_EMAIL_011>",
    "zone": "<PRIVATE_URL_0417>"
  },
  {
    "endTime": "2026-10-02T23:57:28.593-07:00",
    "id": "<NUMERIC_RESOURCE_0068>",
    "insertTime": "2026-10-02T23:55:38.408-07:00",
    "kind": "compute#operation",
    "name": "<CLIENT_RESOURCE_00853>",
    "operationType": "stop",
    "progress": 100,
    "selfLink": "<PRIVATE_URL_0421>",
    "startTime": "2026-10-02T23:55:38.423-07:00",
    "status": "DONE",
    "targetId": "9005786793348241571",
    "targetLink": "<PRIVATE_URL_0418>",
    "user": "<ACCOUNT_EMAIL_011>",
    "zone": "<PRIVATE_URL_0417>"
  },
  {
    "endTime": "2026-10-02T23:57:49.888-07:00",
    "id": "<NUMERIC_RESOURCE_0011>",
    "insertTime": "2026-10-02T23:57:39.177-07:00",
    "kind": "compute#operation",
    "name": "<CLIENT_RESOURCE_00854>",
    "operationType": "start",
    "progress": 100,
    "selfLink": "<PRIVATE_URL_0422>",
    "startTime": "2026-10-02T23:57:39.355-07:00",
    "status": "DONE",
    "targetId": "9005786793348241571",
    "targetLink": "<PRIVATE_URL_0418>",
    "user": "<ACCOUNT_EMAIL_011>",
    "zone": "<PRIVATE_URL_0417>"
  },
  {
    "endTime": "2026-10-03T00:01:44.323-07:00",
    "id": "<NUMERIC_RESOURCE_0153>",
    "insertTime": "2026-10-03T00:01:26.652-07:00",
    "kind": "compute#operation",
    "name": "<CLIENT_RESOURCE_00855>",
    "operationType": "suspend",
    "progress": 100,
    "selfLink": "<PRIVATE_URL_0423>",
    "startTime": "2026-10-03T00:01:26.666-07:00",
    "status": "DONE",
    "targetId": "9005786793348241571",
    "targetLink": "<PRIVATE_URL_0418>",
    "user": "<ACCOUNT_EMAIL_011>",
    "zone": "<PRIVATE_URL_0417>"
  },
  {
    "endTime": "2026-10-03T00:02:08.824-07:00",
    "id": "<NUMERIC_RESOURCE_0082>",
    "insertTime": "2026-10-03T00:01:54.639-07:00",
    "kind": "compute#operation",
    "name": "<CLIENT_RESOURCE_00856>",
    "operationType": "resume",
    "progress": 100,
    "selfLink": "<PRIVATE_URL_0424>",
    "startTime": "2026-10-03T00:01:54.813-07:00",
    "status": "DONE",
    "targetId": "9005786793348241571",
    "targetLink": "<PRIVATE_URL_0418>",
    "user": "<ACCOUNT_EMAIL_011>",
    "zone": "<PRIVATE_URL_0417>"
  },
  {
    "endTime": "2026-10-03T00:02:36.781-07:00",
    "id": "<NUMERIC_RESOURCE_0067>",
    "insertTime": "2026-10-03T00:02:31.154-07:00",
    "kind": "compute#operation",
    "name": "<CLIENT_RESOURCE_00857>",
    "operationType": "reset",
    "progress": 100,
    "selfLink": "<PRIVATE_URL_0425>",
    "startTime": "2026-10-03T00:02:31.165-07:00",
    "status": "DONE",
    "targetId": "9005786793348241571",
    "targetLink": "<PRIVATE_URL_0418>",
    "user": "<ACCOUNT_EMAIL_011>",
    "zone": "<PRIVATE_URL_0417>"
  },
  {
    "endTime": "2026-10-03T00:07:19.033-07:00",
    "id": "<NUMERIC_RESOURCE_0160>",
    "insertTime": "2026-10-03T00:05:31.569-07:00",
    "kind": "compute#operation",
    "name": "<CLIENT_RESOURCE_00858>",
    "operationType": "delete",
    "progress": 100,
    "selfLink": "<PRIVATE_URL_0426>",
    "startTime": "2026-10-03T00:05:31.743-07:00",
    "status": "DONE",
    "targetId": "9005786793348241571",
    "targetLink": "<PRIVATE_URL_0418>",
    "user": "<ACCOUNT_EMAIL_011>",
    "zone": "<PRIVATE_URL_0417>"
  },
  {
    "endTime": "2026-10-03T21:07:10.186-07:00",
    "id": "<NUMERIC_RESOURCE_0013>",
    "insertTime": "2026-10-03T21:07:00.774-07:00",
    "kind": "compute#operation",
    "name": "<CLIENT_RESOURCE_00860>",
    "operationType": "insert",
    "progress": 100,
    "selfLink": "<PRIVATE_URL_0427>",
    "startTime": "2026-10-03T21:07:00.832-07:00",
    "status": "DONE",
    "targetId": "8253035096880999947",
    "targetLink": "<PRIVATE_URL_0419>",
    "user": "<ACCOUNT_EMAIL_011>",
    "zone": "<PRIVATE_URL_0417>"
  },
  {
    "endTime": "2026-10-03T21:10:28.579-07:00",
    "id": "<NUMERIC_RESOURCE_0056>",
    "insertTime": "2026-10-03T21:08:38.211-07:00",
    "kind": "compute#operation",
    "name": "<CLIENT_RESOURCE_00861>",
    "operationType": "stop",
    "progress": 100,
    "selfLink": "<PRIVATE_URL_0428>",
    "startTime": "2026-10-03T21:08:38.219-07:00",
    "status": "DONE",
    "targetId": "8253035096880999947",
    "targetLink": "<PRIVATE_URL_0419>",
    "user": "<ACCOUNT_EMAIL_011>",
    "zone": "<PRIVATE_URL_0417>"
  },
  {
    "endTime": "2026-10-03T21:11:12.189-07:00",
    "id": "<NUMERIC_RESOURCE_0162>",
    "insertTime": "2026-10-03T21:11:02.061-07:00",
    "kind": "compute#operation",
    "name": "<CLIENT_RESOURCE_00862>",
    "operationType": "start",
    "progress": 100,
    "selfLink": "<PRIVATE_URL_0429>",
    "startTime": "2026-10-03T21:11:02.196-07:00",
    "status": "DONE",
    "targetId": "8253035096880999947",
    "targetLink": "<PRIVATE_URL_0419>",
    "user": "<ACCOUNT_EMAIL_011>",
    "zone": "<PRIVATE_URL_0417>"
  },
  {
    "endTime": "2026-10-03T21:20:19.556-07:00",
    "id": "<NUMERIC_RESOURCE_0145>",
    "insertTime": "2026-10-03T21:20:14.079-07:00",
    "kind": "compute#operation",
    "name": "<CLIENT_RESOURCE_00864>",
    "operationType": "reset",
    "progress": 100,
    "selfLink": "<PRIVATE_URL_0430>",
    "startTime": "2026-10-03T21:20:14.091-07:00",
    "status": "DONE",
    "targetId": "8253035096880999947",
    "targetLink": "<PRIVATE_URL_0419>",
    "user": "<ACCOUNT_EMAIL_011>",
    "zone": "<PRIVATE_URL_0417>"
  },
  {
    "endTime": "2026-10-03T21:24:33.341-07:00",
    "id": "<NUMERIC_RESOURCE_0030>",
    "insertTime": "2026-10-03T21:22:48.004-07:00",
    "kind": "compute#operation",
    "name": "<CLIENT_RESOURCE_00865>",
    "operationType": "delete",
    "progress": 100,
    "selfLink": "<PRIVATE_URL_0431>",
    "startTime": "2026-10-03T21:22:48.137-07:00",
    "status": "DONE",
    "targetId": "8253035096880999947",
    "targetLink": "<PRIVATE_URL_0419>",
    "user": "<ACCOUNT_EMAIL_011>",
    "zone": "<PRIVATE_URL_0417>"
  },
  {
    "endTime": "2026-10-05T02:25:09.875-07:00",
    "id": "<NUMERIC_RESOURCE_0112>",
    "insertTime": "2026-10-05T02:25:08.419-07:00",
    "kind": "compute#operation",
    "name": "<CLIENT_RESOURCE_00892>",
    "operationType": "insert",
    "progress": 100,
    "selfLink": "<PRIVATE_URL_0440>",
    "startTime": "2026-10-05T02:25:08.421-07:00",
    "status": "DONE",
    "targetId": "<NUMERIC_RESOURCE_0026>",
    "targetLink": "<PRIVATE_URL_0437>",
    "user": "<ACCOUNT_EMAIL_011>",
    "zone": "<PRIVATE_URL_0447>"
  },
  {
    "endTime": "2026-10-05T02:25:28.694-07:00",
    "id": "<NUMERIC_RESOURCE_0039>",
    "insertTime": "2026-10-05T02:25:19.728-07:00",
    "kind": "compute#operation",
    "name": "<CLIENT_RESOURCE_00893>",
    "operationType": "insert",
    "progress": 100,
    "selfLink": "<PRIVATE_URL_0441>",
    "startTime": "2026-10-05T02:25:19.764-07:00",
    "status": "DONE",
    "targetId": "<NUMERIC_RESOURCE_0150>",
    "targetLink": "<PRIVATE_URL_0439>",
    "user": "<ACCOUNT_EMAIL_011>",
    "warnings": [
      {
        "code": "DISK_SIZE_LARGER_THAN_IMAGE_SIZE",
        "data": [
          {
            "key": "disk_size_gb",
            "value": "20"
          },
          {
            "key": "image_size_gb",
            "value": "10"
          }
        ],
        "message": "Disk size: '20 GB' is larger than image size: '10 GB'. You might need to resize the root repartition manually if the operating system does not support automatic resizing. See <PRIVATE_URL_0075>ogle.com/compute/docs/disks/add-persistent-disk#resize_pd for details."
      }
    ],
    "zone": "<PRIVATE_URL_0447>"
  },
  {
    "endTime": "2026-10-05T03:00:06.346-07:00",
    "id": "<NUMERIC_RESOURCE_0041>",
    "insertTime": "2026-10-05T03:00:02.834-07:00",
    "kind": "compute#operation",
    "name": "<CLIENT_RESOURCE_00894>",
    "operationType": "setMetadata",
    "progress": 100,
    "selfLink": "<PRIVATE_URL_0442>",
    "startTime": "2026-10-05T03:00:02.840-07:00",
    "status": "DONE",
    "targetId": "<NUMERIC_RESOURCE_0150>",
    "targetLink": "<PRIVATE_URL_0439>",
    "user": "<ACCOUNT_EMAIL_011>",
    "zone": "<PRIVATE_URL_0447>"
  },
  {
    "endTime": "2026-10-05T03:09:37.512-07:00",
    "id": "<NUMERIC_RESOURCE_0104>",
    "insertTime": "2026-10-05T03:09:36.108-07:00",
    "kind": "compute#operation",
    "name": "<CLIENT_RESOURCE_00912>",
    "operationType": "reset",
    "progress": 100,
    "selfLink": "<PRIVATE_URL_0443>",
    "startTime": "2026-10-05T03:09:36.117-07:00",
    "status": "DONE",
    "targetId": "<NUMERIC_RESOURCE_0150>",
    "targetLink": "<PRIVATE_URL_0439>",
    "user": "<ACCOUNT_EMAIL_011>",
    "zone": "<PRIVATE_URL_0447>"
  },
  {
    "endTime": "2026-10-05T03:21:24.735-07:00",
    "id": "<NUMERIC_RESOURCE_0125>",
    "insertTime": "2026-10-05T03:21:21.762-07:00",
    "kind": "compute#operation",
    "name": "<CLIENT_RESOURCE_00913>",
    "operationType": "reset",
    "progress": 100,
    "selfLink": "<PRIVATE_URL_0444>",
    "startTime": "2026-10-05T03:21:21.769-07:00",
    "status": "DONE",
    "targetId": "<NUMERIC_RESOURCE_0150>",
    "targetLink": "<PRIVATE_URL_0439>",
    "user": "<ACCOUNT_EMAIL_011>",
    "zone": "<PRIVATE_URL_0447>"
  },
  {
    "endTime": "2026-10-05T03:37:39.722-07:00",
    "id": "<NUMERIC_RESOURCE_0078>",
    "insertTime": "2026-10-05T03:36:48.583-07:00",
    "kind": "compute#operation",
    "name": "<CLIENT_RESOURCE_00914>",
    "operationType": "stop",
    "progress": 100,
    "selfLink": "<PRIVATE_URL_0445>",
    "startTime": "2026-10-05T03:36:48.590-07:00",
    "status": "DONE",
    "targetId": "<NUMERIC_RESOURCE_0150>",
    "targetLink": "<PRIVATE_URL_0439>",
    "user": "<ACCOUNT_EMAIL_011>",
    "zone": "<PRIVATE_URL_0447>"
  },
  {
    "endTime": "2026-10-05T03:39:21.734-07:00",
    "id": "<NUMERIC_RESOURCE_0038>",
    "insertTime": "2026-10-05T03:39:12.435-07:00",
    "kind": "compute#operation",
    "name": "<CLIENT_RESOURCE_00915>",
    "operationType": "start",
    "progress": 100,
    "selfLink": "<PRIVATE_URL_0446>",
    "startTime": "2026-10-05T03:39:12.571-07:00",
    "status": "DONE",
    "targetId": "<NUMERIC_RESOURCE_0150>",
    "targetLink": "<PRIVATE_URL_0439>",
    "user": "<ACCOUNT_EMAIL_011>",
    "zone": "<PRIVATE_URL_0447>"
  }
]
