DEBUG=True DATABASE_URL="file:memdb1?mode=memory&cache=shared" USE_FAST_HASHER=True DJANGO_SETTINGS_MODULE=config.settings uv run python -c \
	"import django; django.setup(); from django.core.management import call_command; call_command('migrate', verbosity=0); call_command('runserver', '0.0.0.0:8000', '--noreload')" & \
	SERVER_PID=$!; \
	while ! curl -s http://localhost:8000/api/tags > /dev/null 2>&1; do sleep 0.2; done; \
	HOST=http://localhost:8000 realworld/specs/api/run-api-tests-hurl.sh; \
	EXIT_CODE=$?; \
	kill $SERVER_PID; \
	exit $EXIT_CODE
[26/Sep/2026 14:05:51] "GET /api/tags HTTP/1.1" 200 12
Running Hurl tests against http://localhost:8000 with uid=179043155191914
[26/Sep/2026 14:05:51] "POST /api/users HTTP/1.1" 201 348
[26/Sep/2026 14:05:51] "POST /api/articles HTTP/1.1" 201 431
[26/Sep/2026 14:05:51] "GET /api/articles HTTP/1.1" 200 425
[26/Sep/2026 14:05:51] "GET /api/articles?author=art_179043155191914 HTTP/1.1" 200 425
[26/Sep/2026 14:05:51] "GET /api/articles HTTP/1.1" 200 425
[26/Sep/2026 14:05:51] "GET /api/articles?author=art_179043155191914 HTTP/1.1" 200 425
[26/Sep/2026 14:05:51] "GET /api/articles?tag=d_179043155191914 HTTP/1.1" 200 425
[26/Sep/2026 14:05:51] "GET /api/articles HTTP/1.1" 200 425
[26/Sep/2026 14:05:51] "GET /api/articles/test-article-179043155191914 HTTP/1.1" 200 431
[26/Sep/2026 14:05:51] "PUT /api/articles/test-article-179043155191914 HTTP/1.1" 200 434
[26/Sep/2026 14:05:51] "GET /api/articles/test-article-179043155191914 HTTP/1.1" 200 434
[26/Sep/2026 14:05:51] "PUT /api/articles/test-article-179043155191914 HTTP/1.1" 200 440
[26/Sep/2026 14:05:51] "PUT /api/articles/test-article-179043155191914 HTTP/1.1" 200 400
[26/Sep/2026 14:05:51] "GET /api/articles/test-article-179043155191914 HTTP/1.1" 200 400
Unprocessable Entity: /api/articles/test-article-179043155191914
[26/Sep/2026 14:05:51] "PUT /api/articles/test-article-179043155191914 HTTP/1.1" 422 57
[26/Sep/2026 14:05:51] "DELETE /api/articles/test-article-179043155191914 HTTP/1.1" 204 0
Not Found: /api/articles/test-article-179043155191914
[26/Sep/2026 14:05:51] "GET /api/articles/test-article-179043155191914 HTTP/1.1" 404 38
Success <scratch>/w1_backend_src/realworld/specs/api/hurl/articles.hurl (17 request(s) in 28 ms)
[26/Sep/2026 14:05:51] "POST /api/users HTTP/1.1" 201 350
[26/Sep/2026 14:05:51] "POST /api/users/login HTTP/1.1" 200 350
[26/Sep/2026 14:05:51] "GET /api/user HTTP/1.1" 200 350
[26/Sep/2026 14:05:51] "PUT /api/user HTTP/1.1" 200 359
[26/Sep/2026 14:05:51] "GET /api/user HTTP/1.1" 200 359
[26/Sep/2026 14:05:51] "PUT /api/user HTTP/1.1" 200 350
[26/Sep/2026 14:05:51] "GET /api/user HTTP/1.1" 200 350
[26/Sep/2026 14:05:51] "PUT /api/user HTTP/1.1" 200 361
[26/Sep/2026 14:05:51] "PUT /api/user HTTP/1.1" 200 350
[26/Sep/2026 14:05:51] "GET /api/user HTTP/1.1" 200 350
[26/Sep/2026 14:05:51] "PUT /api/user HTTP/1.1" 200 359
[26/Sep/2026 14:05:51] "PUT /api/user HTTP/1.1" 200 386
[26/Sep/2026 14:05:51] "GET /api/user HTTP/1.1" 200 386
[26/Sep/2026 14:05:51] "PUT /api/user HTTP/1.1" 200 359
[26/Sep/2026 14:05:51] "GET /api/user HTTP/1.1" 200 359
[26/Sep/2026 14:05:51] "PUT /api/user HTTP/1.1" 200 385
[26/Sep/2026 14:05:51] "PUT /api/user HTTP/1.1" 200 359
[26/Sep/2026 14:05:51] "GET /api/user HTTP/1.1" 200 359
[26/Sep/2026 14:05:51] "PUT /api/user HTTP/1.1" 200 367
[26/Sep/2026 14:05:51] "GET /api/user HTTP/1.1" 200 367
Success <scratch>/w1_backend_src/realworld/specs/api/hurl/auth.hurl (20 request(s) in 17 ms)
[26/Sep/2026 14:05:51] "POST /api/users HTTP/1.1" 201 348
[26/Sep/2026 14:05:51] "POST /api/articles HTTP/1.1" 201 388
[26/Sep/2026 14:05:51] "POST /api/articles/comment-article-179043155191914/comments HTTP/1.1" 201 228
[26/Sep/2026 14:05:51] "GET /api/articles/comment-article-179043155191914/comments HTTP/1.1" 200 231
[26/Sep/2026 14:05:51] "GET /api/articles/comment-article-179043155191914/comments HTTP/1.1" 200 231
[26/Sep/2026 14:05:51] "DELETE /api/articles/comment-article-179043155191914/comments/1 HTTP/1.1" 204 0
[26/Sep/2026 14:05:51] "GET /api/articles/comment-article-179043155191914/comments HTTP/1.1" 200 16
[26/Sep/2026 14:05:51] "POST /api/articles/comment-article-179043155191914/comments HTTP/1.1" 201 224
[26/Sep/2026 14:05:51] "POST /api/articles/comment-article-179043155191914/comments HTTP/1.1" 201 225
[26/Sep/2026 14:05:51] "GET /api/articles/comment-article-179043155191914/comments HTTP/1.1" 200 441
[26/Sep/2026 14:05:51] "DELETE /api/articles/comment-article-179043155191914/comments/2 HTTP/1.1" 204 0
[26/Sep/2026 14:05:51] "GET /api/articles/comment-article-179043155191914/comments HTTP/1.1" 200 228
[26/Sep/2026 14:05:51] "DELETE /api/articles/comment-article-179043155191914 HTTP/1.1" 204 0
Success <scratch>/w1_backend_src/realworld/specs/api/hurl/comments.hurl (13 request(s) in 14 ms)
Unauthorized: /api/articles
[26/Sep/2026 14:05:51] "POST /api/articles HTTP/1.1" 401 37
Not Found: /api/articles/unknown-slug-179043155191914
[26/Sep/2026 14:05:51] "GET /api/articles/unknown-slug-179043155191914 HTTP/1.1" 404 38
Unauthorized: /api/articles/some-slug
[26/Sep/2026 14:05:51] "PUT /api/articles/some-slug HTTP/1.1" 401 37
Unauthorized: /api/articles/some-slug
[26/Sep/2026 14:05:51] "DELETE /api/articles/some-slug HTTP/1.1" 401 37
Unauthorized: /api/articles/feed
[26/Sep/2026 14:05:51] "GET /api/articles/feed HTTP/1.1" 401 37
Unauthorized: /api/articles/some-slug/favorite
[26/Sep/2026 14:05:51] "POST /api/articles/some-slug/favorite HTTP/1.1" 401 37
Unauthorized: /api/articles/some-slug/favorite
[26/Sep/2026 14:05:51] "DELETE /api/articles/some-slug/favorite HTTP/1.1" 401 37
[26/Sep/2026 14:05:51] "POST /api/users HTTP/1.1" 201 354
Unprocessable Entity: /api/articles
[26/Sep/2026 14:05:51] "POST /api/articles HTTP/1.1" 422 41
Unprocessable Entity: /api/articles
[26/Sep/2026 14:05:51] "POST /api/articles HTTP/1.1" 422 47
Unprocessable Entity: /api/articles
[26/Sep/2026 14:05:51] "POST /api/articles HTTP/1.1" 422 40
[26/Sep/2026 14:05:51] "POST /api/articles HTTP/1.1" 201 365
[26/Sep/2026 14:05:51] "POST /api/articles HTTP/1.1" 201 376
Not Found: /api/articles/unknown-slug-179043155191914
[26/Sep/2026 14:05:51] "PUT /api/articles/unknown-slug-179043155191914 HTTP/1.1" 404 38
Not Found: /api/articles/unknown-slug-179043155191914/favorite
[26/Sep/2026 14:05:51] "POST /api/articles/unknown-slug-179043155191914/favorite HTTP/1.1" 404 38
Not Found: /api/articles/unknown-slug-179043155191914/favorite
[26/Sep/2026 14:05:51] "DELETE /api/articles/unknown-slug-179043155191914/favorite HTTP/1.1" 404 38
Not Found: /api/articles/unknown-slug-179043155191914
[26/Sep/2026 14:05:51] "PUT /api/articles/unknown-slug-179043155191914 HTTP/1.1" 404 38
Not Found: /api/articles/unknown-slug-179043155191914
[26/Sep/2026 14:05:51] "DELETE /api/articles/unknown-slug-179043155191914 HTTP/1.1" 404 38
[26/Sep/2026 14:05:51] "DELETE /api/articles/dup-title-179043155191914 HTTP/1.1" 204 0
[26/Sep/2026 14:05:51] "DELETE /api/articles/dup-title-179043155191914-1eb87c80 HTTP/1.1" 204 0
Success <scratch>/w1_backend_src/realworld/specs/api/hurl/errors_articles.hurl (20 request(s) in 16 ms)
Unprocessable Entity: /api/users
[26/Sep/2026 14:05:51] "POST /api/users HTTP/1.1" 422 44
Unprocessable Entity: /api/users
[26/Sep/2026 14:05:51] "POST /api/users HTTP/1.1" 422 41
Unprocessable Entity: /api/users
[26/Sep/2026 14:05:51] "POST /api/users HTTP/1.1" 422 44
[26/Sep/2026 14:05:51] "POST /api/users HTTP/1.1" 201 354
Conflict: /api/users
[26/Sep/2026 14:05:51] "POST /api/users HTTP/1.1" 409 52
Conflict: /api/users
[26/Sep/2026 14:05:51] "POST /api/users HTTP/1.1" 409 49
Unprocessable Entity: /api/users/login
[26/Sep/2026 14:05:51] "POST /api/users/login HTTP/1.1" 422 41
Unprocessable Entity: /api/users/login
[26/Sep/2026 14:05:51] "POST /api/users/login HTTP/1.1" 422 44
Unauthorized: /api/users/login
[26/Sep/2026 14:05:51] "POST /api/users/login HTTP/1.1" 401 40
Unauthorized: /api/user
[26/Sep/2026 14:05:51] "GET /api/user HTTP/1.1" 401 37
Unauthorized: /api/user
[26/Sep/2026 14:05:51] "PUT /api/user HTTP/1.1" 401 37
Unprocessable Entity: /api/user
[26/Sep/2026 14:05:51] "PUT /api/user HTTP/1.1" 422 226
Unprocessable Entity: /api/user
[26/Sep/2026 14:05:51] "PUT /api/user HTTP/1.1" 422 44
Unprocessable Entity: /api/user
[26/Sep/2026 14:05:51] "PUT /api/user HTTP/1.1" 422 41
Unprocessable Entity: /api/user
[26/Sep/2026 14:05:51] "PUT /api/user HTTP/1.1" 422 44
Unprocessable Entity: /api/user
[26/Sep/2026 14:05:51] "PUT /api/user HTTP/1.1" 422 44
Unprocessable Entity: /api/user
[26/Sep/2026 14:05:51] "PUT /api/user HTTP/1.1" 422 44
Unprocessable Entity: /api/user
[26/Sep/2026 14:05:51] "PUT /api/user HTTP/1.1" 422 64
[26/Sep/2026 14:05:51] "PUT /api/user HTTP/1.1" 200 354
[26/Sep/2026 14:05:51] "PUT /api/user HTTP/1.1" 200 354
Success <scratch>/w1_backend_src/realworld/specs/api/hurl/errors_auth.hurl (20 request(s) in 12 ms)
[26/Sep/2026 14:05:51] "POST /api/users HTTP/1.1" 201 356
[26/Sep/2026 14:05:51] "POST /api/users HTTP/1.1" 201 356
[26/Sep/2026 14:05:51] "POST /api/articles HTTP/1.1" 201 372
Forbidden: /api/articles/authz-article-179043155191914
[26/Sep/2026 14:05:51] "DELETE /api/articles/authz-article-179043155191914 HTTP/1.1" 403 38
Forbidden: /api/articles/authz-article-179043155191914
[26/Sep/2026 14:05:51] "PUT /api/articles/authz-article-179043155191914 HTTP/1.1" 403 38
[26/Sep/2026 14:05:51] "POST /api/articles/authz-article-179043155191914/comments HTTP/1.1" 201 226
Forbidden: /api/articles/authz-article-179043155191914/comments/4
[26/Sep/2026 14:05:51] "DELETE /api/articles/authz-article-179043155191914/comments/4 HTTP/1.1" 403 38
[26/Sep/2026 14:05:51] "GET /api/articles/authz-article-179043155191914/comments HTTP/1.1" 200 229
[26/Sep/2026 14:05:51] "DELETE /api/articles/authz-article-179043155191914 HTTP/1.1" 204 0
Success <scratch>/w1_backend_src/realworld/specs/api/hurl/errors_authorization.hurl (9 request(s) in 9 ms)
Unauthorized: /api/articles/some-slug/comments
[26/Sep/2026 14:05:51] "POST /api/articles/some-slug/comments HTTP/1.1" 401 37
Unauthorized: /api/articles/some-slug/comments/1
[26/Sep/2026 14:05:51] "DELETE /api/articles/some-slug/comments/1 HTTP/1.1" 401 37
[26/Sep/2026 14:05:51] "POST /api/users HTTP/1.1" 201 346
[26/Sep/2026 14:05:51] "POST /api/articles HTTP/1.1" 201 371
Unprocessable Entity: /api/articles/err-comment-art-179043155191914/comments
[26/Sep/2026 14:05:51] "POST /api/articles/err-comment-art-179043155191914/comments HTTP/1.1" 422 40
Not Found: /api/articles/unknown-slug-179043155191914/comments
[26/Sep/2026 14:05:51] "POST /api/articles/unknown-slug-179043155191914/comments HTTP/1.1" 404 38
Not Found: /api/articles/unknown-slug-179043155191914/comments
[26/Sep/2026 14:05:51] "GET /api/articles/unknown-slug-179043155191914/comments HTTP/1.1" 404 38
Not Found: /api/articles/unknown-slug-179043155191914/comments/99999
[26/Sep/2026 14:05:51] "DELETE /api/articles/unknown-slug-179043155191914/comments/99999 HTTP/1.1" 404 38
Not Found: /api/articles/err-comment-art-179043155191914/comments/99999
[26/Sep/2026 14:05:51] "DELETE /api/articles/err-comment-art-179043155191914/comments/99999 HTTP/1.1" 404 38
[26/Sep/2026 14:05:51] "DELETE /api/articles/err-comment-art-179043155191914 HTTP/1.1" 204 0
Success <scratch>/w1_backend_src/realworld/specs/api/hurl/errors_comments.hurl (10 request(s) in 8 ms)
Not Found: /api/profiles/unknown-user-179043155191914
[26/Sep/2026 14:05:51] "GET /api/profiles/unknown-user-179043155191914 HTTP/1.1" 404 38
Unauthorized: /api/profiles/unknown-user-179043155191914/follow
[26/Sep/2026 14:05:51] "POST /api/profiles/unknown-user-179043155191914/follow HTTP/1.1" 401 37
Unauthorized: /api/profiles/unknown-user-179043155191914/follow
[26/Sep/2026 14:05:51] "DELETE /api/profiles/unknown-user-179043155191914/follow HTTP/1.1" 401 37
[26/Sep/2026 14:05:51] "POST /api/users HTTP/1.1" 201 346
Not Found: /api/profiles/unknown-user-179043155191914/follow
[26/Sep/2026 14:05:51] "POST /api/profiles/unknown-user-179043155191914/follow HTTP/1.1" 404 38
Not Found: /api/profiles/unknown-user-179043155191914/follow
[26/Sep/2026 14:05:51] "DELETE /api/profiles/unknown-user-179043155191914/follow HTTP/1.1" 404 38
Success <scratch>/w1_backend_src/realworld/specs/api/hurl/errors_profiles.hurl (6 request(s) in 4 ms)
[26/Sep/2026 14:05:51] "POST /api/users HTTP/1.1" 201 350
[26/Sep/2026 14:05:51] "POST /api/articles HTTP/1.1" 201 391
[26/Sep/2026 14:05:51] "POST /api/articles/favorite-article-179043155191914/favorite HTTP/1.1" 200 390
[26/Sep/2026 14:05:51] "GET /api/articles/favorite-article-179043155191914 HTTP/1.1" 200 390
[26/Sep/2026 14:05:51] "GET /api/articles?favorited=fav_179043155191914 HTTP/1.1" 200 390
[26/Sep/2026 14:05:51] "GET /api/articles?favorited=fav_179043155191914 HTTP/1.1" 200 390
[26/Sep/2026 14:05:51] "DELETE /api/articles/favorite-article-179043155191914/favorite HTTP/1.1" 200 391
[26/Sep/2026 14:05:51] "GET /api/articles/favorite-article-179043155191914 HTTP/1.1" 200 391
[26/Sep/2026 14:05:51] "DELETE /api/articles/favorite-article-179043155191914 HTTP/1.1" 204 0
Success <scratch>/w1_backend_src/realworld/specs/api/hurl/favorites.hurl (9 request(s) in 14 ms)
[26/Sep/2026 14:05:51] "POST /api/users HTTP/1.1" 201 354
[26/Sep/2026 14:05:51] "POST /api/users HTTP/1.1" 201 354
[26/Sep/2026 14:05:51] "GET /api/articles/feed HTTP/1.1" 200 36
[26/Sep/2026 14:05:51] "POST /api/profiles/feedc_179043155191914/follow HTTP/1.1" 200 97
[26/Sep/2026 14:05:51] "POST /api/articles HTTP/1.1" 201 386
[26/Sep/2026 14:05:51] "POST /api/articles HTTP/1.1" 201 386
[26/Sep/2026 14:05:51] "GET /api/articles/feed HTTP/1.1" 200 736
[26/Sep/2026 14:05:51] "GET /api/articles/feed?limit=1 HTTP/1.1" 200 385
[26/Sep/2026 14:05:51] "GET /api/articles/feed?limit=1&offset=1 HTTP/1.1" 200 385
[26/Sep/2026 14:05:51] "DELETE /api/articles/feed-article-1-179043155191914 HTTP/1.1" 204 0
[26/Sep/2026 14:05:51] "DELETE /api/articles/feed-article-2-179043155191914 HTTP/1.1" 204 0
[26/Sep/2026 14:05:51] "DELETE /api/profiles/feedc_179043155191914/follow HTTP/1.1" 200 98
Success <scratch>/w1_backend_src/realworld/specs/api/hurl/feed.hurl (12 request(s) in 16 ms)
[26/Sep/2026 14:05:51] "POST /api/users HTTP/1.1" 201 352
[26/Sep/2026 14:05:51] "POST /api/articles HTTP/1.1" 201 381
[26/Sep/2026 14:05:51] "POST /api/articles HTTP/1.1" 201 381
[26/Sep/2026 14:05:51] "GET /api/articles?author=page_179043155191914&limit=1 HTTP/1.1" 200 381
[26/Sep/2026 14:05:51] "GET /api/articles?author=page_179043155191914&limit=1&offset=1 HTTP/1.1" 200 381
[26/Sep/2026 14:05:51] "DELETE /api/articles/pagination-1-179043155191914 HTTP/1.1" 204 0
[26/Sep/2026 14:05:51] "DELETE /api/articles/pagination-2-179043155191914 HTTP/1.1" 204 0
Success <scratch>/w1_backend_src/realworld/specs/api/hurl/pagination.hurl (7 request(s) in 9 ms)
[26/Sep/2026 14:05:51] "POST /api/users HTTP/1.1" 201 352
[26/Sep/2026 14:05:51] "POST /api/users HTTP/1.1" 201 354
[26/Sep/2026 14:05:51] "GET /api/profiles/celeb_179043155191914 HTTP/1.1" 200 98
[26/Sep/2026 14:05:51] "GET /api/profiles/celeb_179043155191914 HTTP/1.1" 200 98
[26/Sep/2026 14:05:51] "POST /api/profiles/celeb_179043155191914/follow HTTP/1.1" 200 97
[26/Sep/2026 14:05:51] "DELETE /api/profiles/celeb_179043155191914/follow HTTP/1.1" 200 98
[26/Sep/2026 14:05:51] "GET /api/profiles/celeb_179043155191914 HTTP/1.1" 200 98
Success <scratch>/w1_backend_src/realworld/specs/api/hurl/profiles.hurl (7 request(s) in 6 ms)
[26/Sep/2026 14:05:51] "POST /api/users HTTP/1.1" 201 350
[26/Sep/2026 14:05:51] "POST /api/articles HTTP/1.1" 201 416
[26/Sep/2026 14:05:51] "GET /api/tags HTTP/1.1" 200 73
[26/Sep/2026 14:05:51] "DELETE /api/articles/tag-article-179043155191914 HTTP/1.1" 204 0
Success <scratch>/w1_backend_src/realworld/specs/api/hurl/tags.hurl (4 request(s) in 4 ms)
--------------------------------------------------------------------------------
Executed files:    13
Executed requests: 154 (916.7/s)
Succeeded files:   13 (100.0%)
Failed files:      0 (0.0%)
Duration:          168 ms (0h:0m:0s:168ms)

