analyticshub.googleapis.com
apptopology.googleapis.com
artifactregistry.googleapis.com
bigquery.googleapis.com
bigqueryconnection.googleapis.com
bigquerydatapolicy.googleapis.com
bigquerydatatransfer.googleapis.com
bigquerymigration.googleapis.com
bigqueryreservation.googleapis.com
bigquerystorage.googleapis.com
billingbudgets.googleapis.com
cloudapis.googleapis.com
cloudasset.googleapis.com
cloudtrace.googleapis.com
compute.googleapis.com
containerregistry.googleapis.com
dataform.googleapis.com
dataplex.googleapis.com
datastore.googleapis.com
iap.googleapis.com
logging.googleapis.com
monitoring.googleapis.com
oslogin.googleapis.com
pubsub.googleapis.com
run.googleapis.com
servicemanagement.googleapis.com
serviceusage.googleapis.com
sql-component.googleapis.com
storage-api.googleapis.com
storage-component.googleapis.com
storage.googleapis.com
telemetry.googleapis.com
