ma1webui_archive=<PRIVATE_REF_00978>
ma1webui_node=v26.8.1 ma1webui_npm=11.19.0
<PRIVATE_REF_02211>  ./404.html
<PRIVATE_REF_03079>  ./CNAME
<PRIVATE_REF_02620>  ./apple-touch-icon-114x114.png
<PRIVATE_REF_02588>  ./apple-touch-icon-120x120.png
<PRIVATE_REF_03569>  ./apple-touch-icon-144x144.png
<PRIVATE_REF_03190>  ./apple-touch-icon-152x152.png
<PRIVATE_REF_03451>  ./apple-touch-icon-57x57.png
<PRIVATE_REF_02154>  ./apple-touch-icon-60x60.png
<PRIVATE_REF_00993>  ./apple-touch-icon-72x72.png
<PRIVATE_REF_00551>  ./apple-touch-icon-76x76.png
<PRIVATE_REF_03281>  ./audio/alert_high-intensity.ogg
<PRIVATE_REF_03092>  ./config.json.example
<PRIVATE_REF_02277>  ./css/184.e519b58a.css
<PRIVATE_REF_03260>  ./css/253.17bc0860.css
<PRIVATE_REF_01489>  ./css/admin.ae651379.css
<PRIVATE_REF_01998>  ./css/app.576c1cab.css
<PRIVATE_REF_02271>  ./css/chunk-vendors.eb0bfb83.css
<PRIVATE_REF_01985>  ./css/user.b7cb0b5f.css
<PRIVATE_REF_03370>  ./favicon-128.png
<PRIVATE_REF_00984>  ./favicon-16x16.png
<PRIVATE_REF_01350>  ./favicon-196x196.png
<PRIVATE_REF_03472>  ./favicon-32x32.png
<PRIVATE_REF_02985>  ./favicon-96x96.png
<PRIVATE_REF_01677>  ./favicon.ico
<PRIVATE_REF_03034>  ./fonts/MaterialIcons-Regular.3b951071.ttf
<PRIVATE_REF_02158>  ./fonts/Roboto-Regular.83f6acca.ttf
<PRIVATE_REF_03567>  ./fonts/Sintony-Bold.acbada93.ttf
<PRIVATE_REF_02795>  ./fonts/Sintony-Regular.3800d52b.ttf
<PRIVATE_REF_01623>  ./fonts/fa-brands-400.6cb38849.woff2
<PRIVATE_REF_02735>  ./fonts/fa-regular-400.5474cf6f.woff2
<PRIVATE_REF_02573>  ./fonts/fa-solid-900.25095b67.woff2
<PRIVATE_REF_01971>  ./index.html
<PRIVATE_REF_03635>  ./js/184-legacy.ae6ae1bf.js
<PRIVATE_REF_02770>  ./js/184-legacy.ae6ae1bf.js.map
<PRIVATE_REF_03703>  ./js/184.c5c6803b.js
<PRIVATE_REF_00555>  ./js/184.c5c6803b.js.map
<PRIVATE_REF_03466>  ./js/253-legacy.4f73bdf1.js
<PRIVATE_REF_01107>  ./js/253-legacy.4f73bdf1.js.map
<PRIVATE_REF_01318>  ./js/253.2779e77f.js
<PRIVATE_REF_02746>  ./js/253.2779e77f.js.map
<PRIVATE_REF_03558>  ./js/53-legacy.5f5c006f.js
<PRIVATE_REF_01098>  ./js/53-legacy.5f5c006f.js.map
<PRIVATE_REF_02354>  ./js/53.2789a9d6.js
<PRIVATE_REF_01224>  ./js/53.2789a9d6.js.map
<PRIVATE_REF_03100>  ./js/943-legacy.f8ef12dd.js
<PRIVATE_REF_01995>  ./js/943-legacy.f8ef12dd.js.map
<PRIVATE_REF_01049>  ./js/943.bf7e742e.js
<PRIVATE_REF_01904>  ./js/943.bf7e742e.js.map
<PRIVATE_REF_03493>  ./js/admin-legacy.e70b8e40.js
<PRIVATE_REF_01105>  ./js/admin-legacy.e70b8e40.js.map
<PRIVATE_REF_03303>  ./js/admin.070b954d.js
<PRIVATE_REF_00241>  ./js/admin.070b954d.js.map
<PRIVATE_REF_03397>  ./js/app-legacy.0dee947a.js
<PRIVATE_REF_02958>  ./js/app-legacy.0dee947a.js.map
<PRIVATE_REF_00947>  ./js/app.f997dd7d.js
<PRIVATE_REF_03017>  ./js/app.f997dd7d.js.map
<PRIVATE_REF_03604>  ./js/auth-legacy.8b5b5b91.js
<PRIVATE_REF_02926>  ./js/auth-legacy.8b5b5b91.js.map
<PRIVATE_REF_01942>  ./js/auth.970c4fb6.js
<PRIVATE_REF_00550>  ./js/auth.970c4fb6.js.map
<PRIVATE_REF_02466>  ./js/chunk-vendors-legacy.5fe519ca.js
<PRIVATE_REF_02845>  ./js/chunk-vendors-legacy.5fe519ca.js.map
<PRIVATE_REF_01430>  ./js/chunk-vendors.d123d772.js
<PRIVATE_REF_02906>  ./js/chunk-vendors.d123d772.js.map
<PRIVATE_REF_03499>  ./js/user-legacy.2ce2b62f.js
<PRIVATE_REF_01192>  ./js/user-legacy.2ce2b62f.js.map
<PRIVATE_REF_02602>  ./js/user.e042e51f.js
<PRIVATE_REF_02458>  ./js/user.e042e51f.js.map
<PRIVATE_REF_03569>  ./mstile-144x144.png
<PRIVATE_REF_01770>  ./mstile-150x150.png
<PRIVATE_REF_02209>  ./mstile-310x150.png
<PRIVATE_REF_01887>  ./mstile-310x310.png
<PRIVATE_REF_03370>  ./mstile-70x70.png
ma1webui_dist_files=73
