✔ CLI brief and the view classify the same facts the same way at a fixed time (9.436917ms)
✔ 200 facts: at most 30 lines, exact totals and an exact omitted count with its location (1.799792ms)
✔ pending, working, terminal and approved records: the human action matches the view banner (7.654375ms)
✔ the CLI brief is read-only: workspace bytes and file set are unchanged (229.778666ms)
✔ an invalid record is refused with no summary, no secret, and nothing written (406.824708ms)
✔ brief rejects an unparsable --now as a usage error (75.452833ms)
✔ every valid fixture answers the six questions in a real browser (3451.70675ms)
✔ the seven statuses are visually distinct, and only fresh verified facts are green (490.936ms)
✔ an old state shows "No recent update" in the browser (326.793459ms)
✔ an on-disk state change appears without a reload, within the declared bound (5366.892708ms)
✔ a malformed state.json replaces the view with a visible error (5341.59925ms)
✔ a missing events.jsonl shows a visible error (306.961959ms)
✔ the catalog has 10 to 20 entries with every field (2.782917ms)
✔ entries name an official source, known stages, a kind and a risk level (0.982125ms)
✔ nothing is loaded by default, MCP is optional, and every entry has a CLI fallback (1.5385ms)
✔ no entry claims an online check that was not made, and no date is invented (1.001625ms)
✔ the catalog carries no secret-shaped text (1.285458ms)
✔ without a command the CLI prints usage and exits 64 (130.418375ms)
✔ init then validate succeeds with exit 0 (149.787958ms)
✔ validate --json prints the full result (71.390875ms)
✔ validate lists problems, exits 1 and never prints a secret (101.241917ms)
✔ append reads one event from stdin and prints its id (176.814875ms)
✔ append exits 2 when the event is written but state.json still needs updating (161.048709ms)
✔ a refused append exits 1, writes nothing and never prints a secret (104.86875ms)
✔ init with missing options exits 64 and names what is missing (47.531041ms)
✔ append --file reads the event from a file (97.975375ms)
✔ show serves the workspace on loopback until stopped (61.673917ms)
✔ show refuses a folder that does not exist (55.209416ms)
✔ a valid candidate is committed and the workspace still validates (71.992958ms)
✔ an object fact value is refused with its pointer, actual type and allowed types (23.227583ms)
✔ a 301-character fact value is refused with the real 300 limit and the actual length (25.192167ms)
✔ an invalid secrets availability is refused with the allowed values and no secret echo (19.608584ms)
✔ a schema-valid but semantically inconsistent candidate is refused (33.09575ms)
✔ cited evidence must exist as a regular file reached without a link (positive control first) (62.688167ms)
✔ evidence containing a synthetic secret blocks the commit and the value is never echoed (20.491209ms)
✔ a failure writing the temporary file or renaming keeps the original state and leaves no temp (83.680709ms)
✔ a state or events change at either boundary is detected just before rename; the newer record is kept (224.225541ms)
✔ the CLI commits, refuses with exit 1 and never prints a secret (267.601834ms)
✔ design-decisions.md records every C1 default (5.368958ms)
✔ design-decisions.md records every C1 R1-batch default (2.258958ms)
✔ no C1 default is still listed as undecided (0.996083ms)
✔ the documented keyword subset matches the validator (2.532708ms)
✔ the documented freshness caps match the validator (1.315458ms)
✔ design-decisions.md records every C2 default and none is still undecided (0.480917ms)
✔ D-04 names Framework Python 3.12 as the working default for browser checks (1.288417ms)
✔ design-decisions.md records every C3 default, matching the code (16.153125ms)
✔ design-decisions.md records every C4 default, matching the skills test budgets (1.699208ms)
✔ design-decisions.md records every C5 default and nothing for C5 is still undecided (0.716208ms)
✔ design-decisions.md records every C6 default, and nothing is left undecided (1.007ms)
✔ design-decisions.md records the R3 defaults (0.466667ms)
✔ the README defines the product and separates Validated from Roadmap (2.934416ms)
✔ no document makes a benchmark or result claim (2.579417ms)
✔ documents are neutral: no experiment-arm labels, governance roles or real workload names (4.047209ms)
✔ SECURITY.md covers secrets, the read-only local view, evidence and known limits (0.742292ms)
✔ docs/architecture.md describes every component and trust boundary (0.781667ms)
✔ the experiment and related-work documents are skeletons with no results (0.569167ms)
✔ the v0.1b note says the writer is gated and not built (0.394125ms)
✔ the README quick start runs as written and leaves a valid workspace (243.78525ms)
✔ every product schema uses only the supported keyword subset (5.474917ms)
✔ both schemas use exactly the seven FT-7 status strings (0.739833ms)
✔ both schemas share the same stage values, covering every Annex E stage (0.675333ms)
✔ every valid fixture state and event is schema-valid (19.109958ms)
✔ the lifecycle fixture covers the ten required steps in order (3.829ms)
✔ lifecycle steps carry the situations the verification standard names (2.973ms)
✔ each lifecycle step only appends to the previous step's events (3.5975ms)
✔ there is one status fixture per FT-7 status, each holding a fact with that status (2.098708ms)
✔ a verified fact is current only inside its freshness window (2.108958ms)
✔ only verified facts can ever be current (0.574084ms)
✔ each status has its own display kind, label and symbol (0.377667ms)
✔ display never upgrades a status (0.057542ms)
✔ an expired verified fact says how it was verified and that it expired (0.101167ms)
✔ ages read in plain words (0.074833ms)
✔ state recency uses the declared no-recent-update age (0.078833ms)
✔ a verified fact checked after the viewing clock is neither current nor fresh (0.050167ms)
✔ a future-dated state is not recent and flags the clock problem (0.061125ms)
✔ any time after the viewing clock reads as a clock problem (0.077375ms)
✔ no real domain appears in any tracked file (38.651459ms)
✔ a clean tree passes, and the planted control term is detected in the same pass (9.958667ms)
✔ a hit is reported by location and term number, never by the term itself (4.340708ms)
✔ .git and node_modules are skipped (4.831458ms)
✔ an empty denylist cannot prove anything and is refused (1.731083ms)
✔ the command prints only the verdict and locations, with exit codes 0, 1 and 2 (145.207417ms)
✔ the repository itself scans clean for a term it cannot contain (411.510541ms)
✔ a denylist kept inside the scanned folder is refused (4.495375ms)
✔ the kit has its procedure, templates and toy app (4.529708ms)
✔ the procedure covers every operational step, in the agreed order (0.484625ms)
✔ the activation line only points to the router, and says it is for local rehearsal only (0.738667ms)
✔ the task and continuation texts are neutral and say nothing about the record (0.928333ms)
✔ the handoff questions cover the ten handoff items without giving answers (0.264917ms)
✔ every kit file is neutral (1.354375ms)
✔ compose.yaml declares the same services, ports, environment, health paths and start order as the manifest (1.664ms)
✔ up starts both services and reports ready only when the chain answers; down stops everything (1063.254917ms)
✔ one healthy component is not a working chain (1240.312792ms)
✔ up fails clearly within its timeout and leaves nothing running when a service cannot start (3084.923625ms)
✔ every valid fixture answers the six questions (20.384625ms)
✔ a pending decision gets a prominent card saying what to reply and where (0.648625ms)
✔ without a pending decision the view says so plainly (2.1725ms)
✔ all seven statuses appear with their own display kind (3.282667ms)
✔ verified facts past their freshness window are never shown as fresh (2.095333ms)
✔ state age is always visible (2.66875ms)
✔ an old state shows "No recent update" instead of implying progress (1.86475ms)
✔ a long operation past its expected range is called out without a progress bar (3.276417ms)
✔ resources render as a tree with billable flags (1.933084ms)
✔ a verified problem is marked in words (1.324208ms)
✔ evidence locators are shown as text, never as links (1.031042ms)
✔ handoff readiness and next step are shown (0.741959ms)
✔ recent events are listed newest first (0.448083ms)
✔ every recorded value is escaped (0.552209ms)
✔ a state without the expected shape is refused rather than guessed at (0.241458ms)
✔ a fact marked stale before its window ended is not described as having expired (1.393875ms)
✔ facts checked after the viewing clock are never shown as fresh (1.368167ms)
✔ a future-dated state shows a clock problem instead of implying progress (1.171417ms)
✔ the initial stage event reads as a start, not an unrecognised stage (1.223958ms)
✔ facts with a future check time are listed after the fresh ones, never among them (0.839709ms)
✔ LICENSE is the MIT license with a neutral copyright holder (4.730625ms)
✔ package.json declares an MIT ES-module package with no dependencies (0.990208ms)
✔ npm test runs the node:test suites under tests/ (0.254ms)
✔ .gitignore keeps dependencies and any evidence directory out of git (0.673083ms)
✔ design-decisions.md records every C0 default with a choice and a reason (0.724625ms)
✔ every scenario fixture validates without any provider profile (22.219875ms)
✔ WO-P05: service rows come from health facts and host resources, with honest freshness (6.0365ms)
✔ WO-P06: logical ids and real names are both kept; a declaration is not a runtime observation (1.299875ms)
✔ WO-P07: only this run's delta is reversed and the baseline hash is preserved (1.387792ms)
✔ WO-P08: an interruption names the pending intent and owner; brief and view agree (1.249667ms)
✔ WO-P08: after deployment the owner and choice are explicit; deployed is not cleaned up (1.546125ms)
✔ generic core: router and stages need no particular cloud command (1.568708ms)
✔ every instance string, array, number and object in the product schemas is bounded (4.779959ms)
✔ the bounds check itself notices an unbounded string, array, number and object (0.209959ms)
✔ a timestamp with a 100,000-digit fraction is rejected by its length bound (15.755208ms)
✔ a 100,000-digit event id is rejected by its length bound (7.932083ms)
✔ the supported keyword set is exactly the enumerated contract (1.640417ms)
✔ a schema using every supported keyword is accepted (0.694709ms)
✔ an unsupported keyword fails closed with keyword and pointer (0.601875ms)
✔ unsupported keywords are found inside $defs and items (0.210042ms)
✔ a remote or non-local $ref fails closed (0.239458ms)
✔ a local $ref that does not resolve fails closed (0.132625ms)
✔ a format other than date-time fails closed (0.150458ms)
✔ the root must declare the 2020-12 dialect (0.120125ms)
✔ malformed keyword values fail closed (0.302166ms)
✔ JSON pointer segments are escaped (0.180416ms)
✔ compileSchema refuses an unsupported schema before validating anything (0.14925ms)
✔ type mismatches are reported with the instance pointer (0.424958ms)
✔ required and additionalProperties are enforced (0.127917ms)
✔ enum and const compare by value (0.144ms)
✔ array keywords validate items and bounds (0.680834ms)
✔ string keywords validate length, pattern and date-time (1.495833ms)
✔ numeric bounds are enforced (0.16925ms)
✔ local $ref is resolved during validation (0.149875ms)
✔ every pattern detects its own built-in canary (the positive control) (1.206083ms)
✔ the self-test fails closed when a pattern stops detecting its canary (0.671958ms)
✔ findings name the pattern, file and line but never the value (0.34975ms)
✔ realistic credential shapes are detected (0.182417ms)
✔ sanitized and reference-only text is not flagged (0.173542ms)
✔ redact removes every secret-shaped span and names the pattern (0.561167ms)
✔ redact leaves text without secrets unchanged (0.056958ms)
✔ the named checks are the documented set (2.030917ms)
✔ freshness caps exist for every fact class and are finite (0.27075ms)
✔ every valid fixture passes every named check (18.007041ms)
✔ unique-ids: duplicate fact keys or resource ids are rejected (1.778ms)
✔ trust-by-source: a status must match where the fact came from (1.256541ms)
✔ verified-needs-evidence: a verified fact needs evidence, a check time and a freshness rule (0.75225ms)
✔ freshness-within-class-cap: a freshness rule cannot exceed its class cap (0.498209ms)
✔ stale-was-observed: a stale fact must have been checked once (0.643041ms)
✔ blocked-names-prerequisite: a blocked fact names what is unavailable (0.78ms)
✔ assumed-holds-value: an assumed fact holds a value (0.394792ms)
✔ negative-result-needs-control: a verified "none found" states its control (0.424417ms)
✔ resource-tree: parents must exist and must not form a cycle (1.220791ms)
✔ references-resolve: fact and tier references must exist (2.010042ms)
✔ ranges-ordered: duration and cost ranges run low to high (1.449708ms)
✔ coalesced-plan-explanation: a plan-acceptance request carries the plan explanation (0.541584ms)
✔ event-sequence: ids strictly increase and time never runs backwards (0.709459ms)
✔ stage-chain: stages chain from the initial stage event (0.498ms)
✔ event-type-fields: each event type carries its own fields (1.885792ms)
✔ event-links: related events exist earlier; results follow intents; decisions answer requests (1.624875ms)
✔ state-stage-matches-events: the state stage equals the last recorded stage change (0.813125ms)
✔ pending-decision-has-request: a pending decision was requested and is still unanswered (3.01825ms)
✔ pending-decision-has-request: category order alone is not a mismatch (0.660834ms)
✔ verified-facts-have-promotion-event: every verified fact has a promotion event (0.607959ms)
✔ verified-facts-have-promotion-event: a STALE fact needs the promotion event of its earlier observation (0.487ms)
✔ verified-facts-have-promotion-event: the earlier promotion must match the STALE fact's source (0.628291ms)
✔ first-billable-carries-plan: a pending first billable request must include plan acceptance (0.459625ms)
✔ first-billable-carries-plan: the recorded history is checked after the decision is cleared (0.745125ms)
✔ first-billable-carries-plan: a later billable request after plan acceptance was approved is fine (1.248667ms)
✔ first-billable-carries-plan: plan acceptance must have been approved, not just requested (1.303459ms)
✔ requests-answered-or-pending: an unanswered request must be the pending decision (2.664459ms)
✔ one-decision-per-request: request ids are unique (0.736583ms)
✔ one-decision-per-request: a request receives at most one decision (0.725208ms)
✔ gated-intent-approved: a gated intent relates to an earlier approved decision (1.429291ms)
✔ pending-decision-has-request: the pending request time matches the recorded request (0.625084ms)
✔ verified-facts-have-promotion-event: the latest promotion, not any promotion, must match (0.902584ms)
✔ verified-facts-have-promotion-event: check time and evidence must agree with the latest promotion (1.373083ms)
✔ verified-facts-have-promotion-event: a STALE fact must match its latest promotion (0.502625ms)
✔ trust-by-source: an ASSUMED fact comes from reasoning (0.376167ms)
✔ problem-is-observed: only a verified or previously verified observation can flag a problem (0.81325ms)
✔ the server listens on loopback only (14.694584ms)
✔ the view assets, state.json and events.jsonl are served, fresh on every request (42.780834ms)
✔ every response forbids caching and any non-local resource (19.171709ms)
✔ non-read requests are refused and change nothing (14.027542ms)
✔ HEAD returns headers without a body (14.07775ms)
✔ evidence, other files and traversal attempts are refused (18.413708ms)
✔ requests addressed to another host name are refused (6.912833ms)
✔ a missing state.json is a 404, which the view shows as an error (7.03475ms)
✔ the complete package has no dangling stage or provider reference (3.865125ms)
✔ a deliberately reduced package is detected, and the router keeps its gates and rules (14.139625ms)
✔ the router opens with the minimal loop and keeps generic rules out of provider files (1.023917ms)
✔ the plan skill tells a local target how to state its single tier honestly (3.235041ms)
✔ verifying a fact as the router says produces a valid record (32.10025ms)
✔ the plan-acceptance request for a local target, as the skills describe it, is valid (51.614083ms)
✔ manual-edit DNS follows the authority path: decision, gated intent, human edit, result, own verification (55.612458ms)
✔ a gated DNS intent recorded before the approval is refused (10.07075ms)
✔ the router lives at exactly skills/router.md, as the workspace pointer says (0.628792ms)
✔ the router, stage and provider files exist, and nothing else is in skills/ (4.056333ms)
✔ every skill stays inside its length budget (3.031042ms)
✔ the router carries every always-on rule (0.521875ms)
✔ every stage file restates the always-on rules (3.365958ms)
✔ the router says what to read first, how to use the tools, and which one stage file to load (1.154166ms)
✔ each stage file carries its Annex J responsibility (2.890541ms)
✔ the handoff guidance covers all ten Annex K items (1.677041ms)
✔ GCP is the target with validation pending; every other provider is UNVALIDATED (3.33975ms)
✔ skills are neutral, client-neutral and free of governance or experiment wording (6.614667ms)
✔ every example event in the skills is schema-valid once append fills its defaults (7.663667ms)
✔ Cloudflare manual-edit mode records the approval and a gated intent before the human edits DNS (0.812875ms)
✔ every valid fixture validates, with the scanner self-test passing in the same call (47.48ms)
✔ every invalid fixture is rejected for exactly its intended reason (9.5965ms)
✔ the planted canary is caught in the same pass that clears the valid fixtures (23.943708ms)
✔ the secret scan still runs when the JSON is malformed, and errors never echo the input (10.28125ms)
✔ a product schema with an unsupported keyword fails closed (4.294958ms)
✔ a product schema with a remote $ref fails closed (3.9425ms)
✔ a product schema with an unknown format fails closed (7.684834ms)
✔ a schema file that is not valid JSON fails closed (3.9875ms)
✔ a workspace without events.jsonl is rejected (5.770083ms)
✔ when one workspace file is missing, the remaining file is still secret-scanned (16.943ms)
✔ a blank line inside events.jsonl is rejected (5.015167ms)
✔ schema errors on events name the line, keyword and pointer (5.035875ms)
✔ clean evidence files keep a valid workspace valid (5.187ms)
✔ every regular file under evidence/ is secret-scanned, recursively (7.1495ms)
✔ evidence is scanned even when state is malformed and events are missing (5.760083ms)
✔ evidence symbolic links are reported and never followed (6.442041ms)
✔ an evidence folder that is itself a symbolic link is reported and not followed (7.798625ms)
✔ schema errors on secret-shaped property names are redacted (6.915209ms)
✔ named-check errors quoting secret-shaped identifiers are redacted (10.240958ms)
✔ an oversized events line is rejected even when its numbers are in range (5.664125ms)
✔ an oversized state.json is rejected by its size limit (18.722375ms)
✔ an evidence file over the scan limit is reported and not scanned (20.646875ms)
✔ a special evidence file is reported without being opened (10.525875ms)
✔ show --port 0 binds a real port and serves this workspace (23.962583ms)
✔ the CLI prints the actual URL it serves (74.074083ms)
✔ the handoff fixtures validate and keep page confirmation, the exception and approval apart (13.454709ms)
✔ the skills and README require the early handoff and the narrow exception, consistently (0.973375ms)
✔ each experiment-wording guard catches its own class (0.827584ms)
✔ the governance guard catches every name, whole words only (0.26225ms)
✔ the oversight guard catches the name, whole words only (0.147ms)
✔ the guards leave neutral product wording alone (0.182583ms)
✔ no tracked file contains guarded wording literally (40.035458ms)
✔ init creates a valid workspace with state, one stage event, evidence/ and a pointer file (19.523708ms)
✔ init records the first stage change and a recon state built from the options (5.424167ms)
✔ the pointer file tells a fresh AI where to start, without relying on auto-loading (3.883542ms)
✔ init refuses a folder that already has content and changes nothing (3.074375ms)
✔ init refuses options that would make an invalid state, before writing anything (3.103959ms)
✔ init refuses a secret in its options and never repeats it (1.901625ms)
✔ init requires the identity options (0.69025ms)
✔ append adds exactly one line and never rewrites earlier bytes (9.104042ms)
✔ an appended stage change needs a matching state write before the workspace is consistent (7.952792ms)
✔ append keeps an explicit id and time when they are valid (7.19325ms)
✔ append refuses a schema-invalid event (3.865333ms)
✔ append refuses an event that breaks an event rule (4.588042ms)
✔ append refuses an event carrying a secret and never repeats it (4.22075ms)
✔ append takes exactly one JSON object (3.676792ms)
✔ append refuses when the existing log is damaged (6.527792ms)
✔ append refuses a folder that is not a workspace (0.575667ms)
✔ a filled-in time never runs earlier than the last recorded event (7.051375ms)
ℹ tests 271
ℹ suites 0
ℹ pass 271
ℹ fail 0
ℹ cancelled 0
ℹ skipped 0
ℹ todo 0
ℹ duration_ms 15352.876875
