✔ a valid candidate is committed and the workspace still validates (44.063959ms)
✔ an object fact value is refused with its pointer, actual type and allowed types (8.421416ms)
✔ a 301-character fact value is refused with the real 300 limit and the actual length (7.514959ms)
✔ an invalid secrets availability is refused with the allowed values and no secret echo (7.061958ms)
✔ a schema-valid but semantically inconsistent candidate is refused (7.451625ms)
✔ cited evidence must exist as a regular file reached without a link (positive control first) (14.09075ms)
✔ evidence containing a synthetic secret blocks the commit and the value is never echoed (6.321917ms)
✔ a failure writing the temporary file or renaming keeps the original state and leaves no temp (23.523375ms)
✔ a state or events change at either boundary is detected just before rename; the newer record is kept (48.383875ms)
✔ the CLI commits, refuses with exit 1 and never prints a secret (143.459583ms)
{"case":"commit-state-post-check","injection":"test-only evidence symlink after rename","exit":2,"output":"state.json was replaced, but the post-check found problems (folder sync: synced): 1 problem\n- [evidence] evidence/post-check-link: is a symbolic link; links are not followed, so its target was not scanned","before_sha256":"<PRIVATE_REF_02327>","after_sha256":"<PRIVATE_REF_03233>"}
✔ real commit-state CLI returns 2 after replacement when a deterministic post-check fails (63.880542ms)
✔ every pattern detects its own built-in canary (the positive control) (3.167292ms)
✔ the self-test fails closed when a pattern stops detecting its canary (0.361917ms)
✔ findings name the pattern, file and line but never the value (0.354833ms)
✔ realistic credential shapes are detected (0.26575ms)
✔ sanitized and reference-only text is not flagged (0.139375ms)
✔ redact removes every secret-shaped span and names the pattern (0.462833ms)
✔ redact leaves text without secrets unchanged (0.308083ms)
✔ finite added shapes have synthetic positives, nearby negatives and value-free diagnostics (0.901292ms)
✔ the named checks are the documented set (1.17975ms)
✔ freshness caps exist for every fact class and are finite (0.110875ms)
✔ open intents are valid in execution/interruption; terminal states require actual related results (20.75825ms)
✔ every valid fixture passes every named check (3.540667ms)
✔ unique-ids: duplicate fact keys or resource ids are rejected (0.730583ms)
✔ trust-by-source: a status must match where the fact came from (0.883166ms)
✔ verified-needs-evidence: a verified fact needs evidence, a check time and a freshness rule (0.712708ms)
✔ freshness-within-class-cap: a freshness rule cannot exceed its class cap (0.356209ms)
✔ stale-was-observed: a stale fact must have been checked once (0.374417ms)
✔ blocked-names-prerequisite: a blocked fact names what is unavailable (0.511792ms)
✔ assumed-holds-value: an assumed fact holds a value (0.252209ms)
✔ negative-result-needs-control: a verified "none found" states its control (0.216667ms)
✔ resource-tree: parents must exist and must not form a cycle (0.4065ms)
✔ references-resolve: fact and tier references must exist (0.569417ms)
✔ ranges-ordered: duration and cost ranges run low to high (0.401083ms)
✔ coalesced-plan-explanation: a plan-acceptance request carries the plan explanation (0.434541ms)
✔ event-sequence: ids strictly increase and time never runs backwards (0.502666ms)
✔ stage-chain: stages chain from the initial stage event (0.362292ms)
✔ event-type-fields: each event type carries its own fields (0.626208ms)
✔ event-links: related events exist earlier; results follow intents; decisions answer requests (0.609917ms)
✔ state-stage-matches-events: the state stage equals the last recorded stage change (0.21475ms)
✔ pending-decision-has-request: a pending decision was requested and is still unanswered (0.713584ms)
✔ pending-decision-has-request: category order alone is not a mismatch (0.177875ms)
✔ verified-facts-have-promotion-event: every verified fact has a promotion event (0.177041ms)
✔ verified-facts-have-promotion-event: a STALE fact needs the promotion event of its earlier observation (0.214833ms)
✔ verified-facts-have-promotion-event: the earlier promotion must match the STALE fact's source (0.237917ms)
✔ first-billable-carries-plan: a pending first billable request must include plan acceptance (0.205958ms)
✔ first-billable-carries-plan: the recorded history is checked after the decision is cleared (0.401583ms)
✔ first-billable-carries-plan: a later billable request after plan acceptance was approved is fine (0.32575ms)
✔ first-billable-carries-plan: plan acceptance must have been approved, not just requested (0.323708ms)
✔ requests-answered-or-pending: an unanswered request must be the pending decision (0.540167ms)
✔ one-decision-per-request: request ids are unique (0.250167ms)
✔ one-decision-per-request: a request receives at most one decision (0.240709ms)
✔ gated-intent-approved: a gated intent relates to an earlier approved decision (0.582584ms)
✔ pending-decision-has-request: the pending request time matches the recorded request (0.194166ms)
✔ verified-facts-have-promotion-event: the latest promotion, not any promotion, must match (0.35775ms)
✔ verified-facts-have-promotion-event: check time and evidence must agree with the latest promotion (0.4445ms)
✔ verified-facts-have-promotion-event: a STALE fact must match its latest promotion (0.249416ms)
✔ trust-by-source: an ASSUMED fact comes from reasoning (0.249166ms)
✔ problem-is-observed: only a verified or previously verified observation can flag a problem (0.316959ms)
✔ the plan skill tells a local target how to state its single tier honestly (2.087292ms)
✔ verifying a fact as the router says produces a valid record (13.386542ms)
✔ the plan-acceptance request for a local target, as the skills describe it, is valid (19.662583ms)
✔ manual-edit DNS follows the authority path: decision, gated intent, human edit, result, own verification (8.674959ms)
✔ a gated DNS intent recorded before the approval is refused (2.890833ms)
✔ complete request scope survives approval and pending clear through filesystem evidence and brief (5.288666ms)
✔ high-risk delegation and recovery scope scenarios are advisory guidance only (0.800625ms)
✔ documented nonsecret baseline projection compares equal and changed fields without originals (6.032917ms)
✔ human-created run resource uses existing fields and human cleanup has approval and verification (4.185125ms)
✔ the router lives at exactly skills/router.md, as the workspace pointer says (0.441666ms)
✔ the router, stage and provider files exist, and nothing else is in skills/ (3.356542ms)
✔ every skill stays inside its length budget (1.696ms)
✔ the router carries every always-on rule (0.857917ms)
✔ every stage file restates the always-on rules (1.308791ms)
✔ the router says what to read first, how to use the tools, and which one stage file to load (0.265125ms)
✔ each stage file carries its Annex J responsibility (1.236333ms)
✔ the handoff guidance covers all ten Annex K items (0.462416ms)
✔ GCP is the target with validation pending; every other provider is UNVALIDATED (0.965ms)
✔ skills are neutral, client-neutral and free of governance or experiment wording (2.488792ms)
✔ every example event in the skills is schema-valid once append fills its defaults (2.751834ms)
✔ Cloudflare manual-edit mode records the approval and a gated intent before the human edits DNS (0.293959ms)
ℹ tests 80
ℹ suites 0
ℹ pass 80
ℹ fail 0
ℹ cancelled 0
ℹ skipped 0
ℹ todo 0
ℹ duration_ms 436.461541
