Sanitized files passed external privacy controls before Git initialization.
Commands: git init --initial-branch=release/0.1.2 --template= .; git config --local neutral author/email, gpgsign false, hooksPath /dev/null, logAllRefUpdates false; inspect toplevel/branch/remotes; git add -- <133 explicit paths>; git ls-files; git diff --cached --check.
Repo root: <CLIENT_HOME>/Desktop/helmls-studio/watchover-public-release-2026-10-07/builder/product
Branch: release/0.1.2
HEAD: unborn
Author/committer: neutral local config and explicit environment
Remotes: none
Staged: 133 files
 .gitignore                                         |  15 +
 LICENSE                                            |  21 +
 README.md                                          | 168 +++++++
 SECURITY.md                                        |  67 +++
 app/web-ui/app.js                                  |  76 ++++
 app/web-ui/freshness.mjs                           | 104 +++++
 app/web-ui/index.html                              |  19 +
 app/web-ui/render.mjs                              | 285 ++++++++++++
 app/web-ui/styles.css                              | 196 ++++++++
 docs/architecture.md                               |  80 ++++
 docs/design-decisions.md                           |  89 ++++
 docs/provenance.md                                 |  37 ++
 docs/validation.md                                 |  47 ++
 .../invalid/malformed-events-line/events.jsonl     |   5 +
 .../invalid/malformed-events-line/expected.json    |  10 +
 fixtures/invalid/malformed-events-line/state.json  | 244 ++++++++++
 fixtures/invalid/malformed-state-json/events.jsonl |   5 +
 .../invalid/malformed-state-json/expected.json     |   9 +
 fixtures/invalid/malformed-state-json/state.json   | 241 ++++++++++
 .../invalid/planted-secret-canary/events.jsonl     |  18 +
 .../invalid/planted-secret-canary/expected.json    |  11 +
 fixtures/invalid/planted-secret-canary/state.json  | 413 +++++++++++++++++
 .../schema-invalid-secret-value-field/events.jsonl |   5 +
 .../expected.json                                  |  11 +
 .../schema-invalid-secret-value-field/state.json   | 245 ++++++++++
 .../invalid/schema-invalid-status/events.jsonl     |   5 +
 .../invalid/schema-invalid-status/expected.json    |  11 +
 fixtures/invalid/schema-invalid-status/state.json  | 244 ++++++++++
 .../packages/reduced-no-dns/package-omissions.json |   5 +
 fixtures/valid/lifecycle/01-recon/events.jsonl     |   5 +
 fixtures/valid/lifecycle/01-recon/state.json       | 244 ++++++++++
 .../lifecycle/02-approval-pending/events.jsonl     |   9 +
 .../valid/lifecycle/02-approval-pending/state.json | 329 ++++++++++++++
 .../valid/lifecycle/03-long-operation/events.jsonl |  18 +
 .../valid/lifecycle/03-long-operation/state.json   | 413 +++++++++++++++++
 .../lifecycle/04-verification-failed/events.jsonl  |  22 +
 .../lifecycle/04-verification-failed/state.json    | 447 ++++++++++++++++++
 fixtures/valid/lifecycle/05-incident/events.jsonl  |  25 +
 fixtures/valid/lifecycle/05-incident/state.json    | 461 +++++++++++++++++++
 fixtures/valid/lifecycle/06-recovered/events.jsonl |  28 ++
 fixtures/valid/lifecycle/06-recovered/state.json   | 452 +++++++++++++++++++
 fixtures/valid/lifecycle/07-verified/events.jsonl  |  32 ++
 fixtures/valid/lifecycle/07-verified/state.json    | 468 +++++++++++++++++++
 fixtures/valid/lifecycle/08-handoff/events.jsonl   |  34 ++
 fixtures/valid/lifecycle/08-handoff/state.json     | 501 +++++++++++++++++++++
 fixtures/valid/lifecycle/09-teardown/events.jsonl  |  39 ++
 fixtures/valid/lifecycle/09-teardown/state.json    | 478 ++++++++++++++++++++
 fixtures/valid/lifecycle/10-closed/events.jsonl    |  44 ++
 fixtures/valid/lifecycle/10-closed/state.json      | 484 ++++++++++++++++++++
 .../scenarios/awaiting-acceptance/events.jsonl     |   9 +
 .../valid/scenarios/awaiting-acceptance/state.json | 103 +++++
 fixtures/valid/scenarios/interrupted/events.jsonl  |   9 +
 fixtures/valid/scenarios/interrupted/state.json    |  98 ++++
 fixtures/valid/scenarios/package-gap/events.jsonl  |   2 +
 fixtures/valid/scenarios/package-gap/state.json    |  97 ++++
 .../scenarios/services-and-names/events.jsonl      |  16 +
 .../valid/scenarios/services-and-names/state.json  | 279 ++++++++++++
 .../scenarios/shared-object-delta/events.jsonl     |  14 +
 .../valid/scenarios/shared-object-delta/state.json | 129 ++++++
 .../scenarios/view-handoff-confirmed/events.jsonl  |   6 +
 .../scenarios/view-handoff-confirmed/state.json    | 132 ++++++
 .../scenarios/view-handoff-exception/events.jsonl  |   6 +
 .../scenarios/view-handoff-exception/state.json    | 147 ++++++
 fixtures/valid/status/assumed/events.jsonl         |   1 +
 fixtures/valid/status/assumed/state.json           |  69 +++
 fixtures/valid/status/blocked/events.jsonl         |   1 +
 fixtures/valid/status/blocked/state.json           |  70 +++
 fixtures/valid/status/stale/events.jsonl           |   2 +
 fixtures/valid/status/stale/state.json             |  71 +++
 fixtures/valid/status/unknown/events.jsonl         |   1 +
 fixtures/valid/status/unknown/state.json           |  69 +++
 fixtures/valid/status/user_confirmed/events.jsonl  |   1 +
 fixtures/valid/status/user_confirmed/state.json    |  69 +++
 fixtures/valid/status/verified_local/events.jsonl  |   2 +
 fixtures/valid/status/verified_local/state.json    |  73 +++
 fixtures/valid/status/verified_remote/events.jsonl |   2 +
 fixtures/valid/status/verified_remote/state.json   |  71 +++
 integrations/catalog.json                          | 278 ++++++++++++
 package.json                                       |  14 +
 schema/event.schema.json                           |  93 ++++
 schema/state.schema.json                           | 304 +++++++++++++
 skills/providers/aws.md                            |  20 +
 skills/providers/azure.md                          |  20 +
 skills/providers/dns-cloudflare.md                 |  62 +++
 skills/providers/gcp.md                            |  78 ++++
 skills/providers/nectar.md                         |  21 +
 skills/router.md                                   | 165 +++++++
 skills/stages/execute.md                           |  82 ++++
 skills/stages/plan.md                              |  89 ++++
 skills/stages/recon.md                             |  41 ++
 skills/stages/recover.md                           |  54 +++
 skills/stages/verify-handoff.md                    |  89 ++++
 tests/brief.test.mjs                               | 154 +++++++
 tests/browser.test.mjs                             | 201 +++++++++
 tests/browser/view_check.py                        | 143 ++++++
 tests/catalog.test.mjs                             |  55 +++
 tests/cli.test.mjs                                 | 150 ++++++
 tests/commit-state.test.mjs                        | 240 ++++++++++
 tests/design-decisions.test.mjs                    | 106 +++++
 tests/docs.test.mjs                                | 116 +++++
 tests/fixtures.test.mjs                            | 111 +++++
 tests/freshness.test.mjs                           |  94 ++++
 tests/helpers/fixtures.mjs                         |  52 +++
 tests/helpers/python.mjs                           |  11 +
 tests/helpers/vocabulary.mjs                       |  30 ++
 tests/neutral-domains.test.mjs                     |  39 ++
 tests/neutrality.test.mjs                          |  76 ++++
 tests/render.test.mjs                              | 190 ++++++++
 tests/scaffold.test.mjs                            |  52 +++
 tests/scenarios.test.mjs                           | 167 +++++++
 tests/schema-bounds.test.mjs                       |  74 +++
 tests/schema-subset.test.mjs                       | 139 ++++++
 tests/secret-scan.test.mjs                         | 163 +++++++
 tests/semantic-checks.test.mjs                     | 313 +++++++++++++
 tests/server.test.mjs                              | 123 +++++
 tests/skill-package.test.mjs                       |  84 ++++
 tests/skills-workflow.test.mjs                     | 229 ++++++++++
 tests/skills.test.mjs                              | 146 ++++++
 tests/validate.test.mjs                            | 305 +++++++++++++
 tests/view-handoff.test.mjs                        | 114 +++++
 tests/vocabulary.test.mjs                          |  40 ++
 tests/workspace.test.mjs                           | 224 +++++++++
 tools/lib/brief.mjs                                |  63 +++
 tools/lib/commit.mjs                               | 107 +++++
 tools/lib/neutrality.mjs                           |  61 +++
 tools/lib/schema-subset.mjs                        | 203 +++++++++
 tools/lib/secret-scan.mjs                          | 111 +++++
 tools/lib/semantic-checks.mjs                      | 343 ++++++++++++++
 tools/lib/server.mjs                               |  89 ++++
 tools/lib/validate.mjs                             | 296 ++++++++++++
 tools/lib/workspace.mjs                            | 134 ++++++
 tools/neutrality-scan.mjs                          |  37 ++
 tools/watchover.mjs                                | 166 +++++++
 133 files changed, 15729 insertions(+)
