Using CPython 3.12.14
Creating virtual environment at: .venv
Resolved 35 packages in 2ms
Installed 33 packages in 72ms
 + annotated-types==0.6.0
 + asgiref==3.8.1
 + certifi==2026.7.22
 + charset-normalizer==3.5.1
 + coreapi==2.3.3
 + coreschema==0.0.4
 + django==5.2.1
 + django-cors-headers==4.3.1
 + django-extensions==3.2.3
 + django-ninja==1.4.1
 + dnspython==2.8.0
 + email-validator==2.1.1
 + idna==3.20
 + itypes==1.2.0
 + jinja2==3.1.6
 + jwtninja==1.1.0
 + markdown==3.4.3
 + markupsafe==3.0.3
 + parameterized==0.9.0
 + psycopg2==2.9.6
 + pydantic==2.13.5
 + pydantic-core==2.46.5
 + pydantic-settings==2.15.0
 + pyjwt==2.15.0
 + python-dotenv==1.2.3
 + requests==2.34.2
 + ruff==0.5.1
 + sqlparse==0.4.4
 + ty==0.0.1a7
 + typing-extensions==4.16.0
 + typing-inspection==0.4.4
 + uritemplate==4.2.0
 + urllib3==2.8.0
