✔ every valid fixture answers the six questions in a real browser (4694.907833ms)
✔ the seven statuses are visually distinct, and only fresh verified facts are green (509.344625ms)
✔ an old state shows "No recent update" in the browser (371.962959ms)
✔ an on-disk state change appears without a reload, within the declared bound (5337.614625ms)
✔ a malformed state.json replaces the view with a visible error (5337.215208ms)
✔ a missing events.jsonl shows a visible error (322.386209ms)
✔ the catalog has 10 to 20 entries with every field (1.819458ms)
✔ entries name an official source, known stages, a kind and a risk level (1.260625ms)
✔ nothing is loaded by default, MCP is optional, and every entry has a CLI fallback (1.769834ms)
✔ no entry claims an online check that was not made, and no date is invented (0.590042ms)
✔ the catalog carries no secret-shaped text (1.859584ms)
✔ without a command the CLI prints usage and exits 64 (158.574208ms)
✔ init then validate succeeds with exit 0 (155.093083ms)
✔ validate --json prints the full result (71.513958ms)
✔ validate lists problems, exits 1 and never prints a secret (61.142875ms)
✔ append reads one event from stdin and prints its id (102.685334ms)
✔ append exits 2 when the event is written but state.json still needs updating (91.235041ms)
✔ a refused append exits 1, writes nothing and never prints a secret (100.129792ms)
✔ init with missing options exits 64 and names what is missing (43.918375ms)
✔ append --file reads the event from a file (99.966625ms)
✔ show serves the workspace on loopback until stopped (60.674583ms)
✔ show refuses a folder that does not exist (43.085167ms)
✔ design-decisions.md records every C1 default (3.905667ms)
✔ design-decisions.md records every C1 R1-batch default (1.814459ms)
✔ no C1 default is still listed as undecided (0.519709ms)
✔ the documented keyword subset matches the validator (3.258458ms)
✔ the documented freshness caps match the validator (1.845084ms)
✔ design-decisions.md records every C2 default and none is still undecided (1.425041ms)
✔ D-04 names Framework Python 3.12 as the working default for browser checks (1.168042ms)
✔ design-decisions.md records every C3 default, matching the code (15.905916ms)
✔ design-decisions.md records every C4 default, matching the skills test budgets (1.794875ms)
✔ design-decisions.md records every C5 default and nothing for C5 is still undecided (0.722208ms)
✔ design-decisions.md records every C6 default, and nothing is left undecided (1.281125ms)
✔ design-decisions.md records the R3 defaults (0.592125ms)
✔ the README defines the product and separates Validated from Roadmap (3.886833ms)
✔ no document makes a benchmark or result claim (4.054958ms)
✔ documents are neutral: no experiment-arm labels, governance roles or real workload names (3.491291ms)
✔ SECURITY.md covers secrets, the read-only local view, evidence and known limits (0.75775ms)
✔ docs/architecture.md describes every component and trust boundary (1.324167ms)
✔ the experiment and related-work documents are skeletons with no results (1.190542ms)
✔ the v0.1b note says the writer is gated and not built (0.539917ms)
✔ the README quick start runs as written and leaves a valid workspace (265.528458ms)
✔ every product schema uses only the supported keyword subset (5.462042ms)
✔ both schemas use exactly the seven FT-7 status strings (1.339375ms)
✔ both schemas share the same stage values, covering every Annex E stage (0.391459ms)
✔ every valid fixture state and event is schema-valid (28.467541ms)
✔ the lifecycle fixture covers the ten required steps in order (4.75325ms)
✔ lifecycle steps carry the situations the verification standard names (3.085708ms)
✔ each lifecycle step only appends to the previous step's events (4.910916ms)
✔ there is one status fixture per FT-7 status, each holding a fact with that status (2.020125ms)
✔ a verified fact is current only inside its freshness window (2.572917ms)
✔ only verified facts can ever be current (1.060209ms)
✔ each status has its own display kind, label and symbol (0.819083ms)
✔ display never upgrades a status (0.132917ms)
✔ an expired verified fact says how it was verified and that it expired (0.227125ms)
✔ ages read in plain words (0.387083ms)
✔ state recency uses the declared no-recent-update age (0.205ms)
✔ a verified fact checked after the viewing clock is neither current nor fresh (0.090875ms)
✔ a future-dated state is not recent and flags the clock problem (0.082333ms)
✔ any time after the viewing clock reads as a clock problem (0.08175ms)
✔ no real domain appears in any tracked file (52.618208ms)
✔ a clean tree passes, and the planted control term is detected in the same pass (14.920875ms)
✔ a hit is reported by location and term number, never by the term itself (4.829916ms)
✔ .git and node_modules are skipped (5.0315ms)
✔ an empty denylist cannot prove anything and is refused (2.510334ms)
✔ the command prints only the verdict and locations, with exit codes 0, 1 and 2 (144.77575ms)
✔ the repository itself scans clean for a term it cannot contain (344.730959ms)
✔ a denylist kept inside the scanned folder is refused (0.59275ms)
✔ the kit has its procedure, templates and toy app (4.362083ms)
✔ the procedure covers every operational step, in the agreed order (0.525709ms)
✔ the activation line only points to the router, and says it is for local rehearsal only (0.238834ms)
✔ the task and continuation texts are neutral and say nothing about the record (0.88375ms)
✔ the handoff questions cover the ten handoff items without giving answers (0.869125ms)
✔ every kit file is neutral (1.7715ms)
✔ compose.yaml declares the same services, ports, environment, health paths and start order as the manifest (2.260583ms)
✔ up starts both services and reports ready only when the chain answers; down stops everything (1054.345375ms)
✔ one healthy component is not a working chain (1257.08ms)
✔ up fails clearly within its timeout and leaves nothing running when a service cannot start (3076.304667ms)
✔ every valid fixture answers the six questions (16.6575ms)
✔ a pending decision gets a prominent card saying what to reply and where (1.20475ms)
✔ without a pending decision the view says so plainly (1.098917ms)
✔ all seven statuses appear with their own display kind (1.393667ms)
✔ verified facts past their freshness window are never shown as fresh (1.172959ms)
✔ state age is always visible (0.770458ms)
✔ an old state shows "No recent update" instead of implying progress (1.604958ms)
✔ a long operation past its expected range is called out without a progress bar (1.992333ms)
✔ resources render as a tree with billable flags (1.504792ms)
✔ a verified problem is marked in words (1.624291ms)
✔ evidence locators are shown as text, never as links (1.089208ms)
✔ handoff readiness and next step are shown (1.592208ms)
✔ recent events are listed newest first (0.963167ms)
✔ every recorded value is escaped (1.677208ms)
✔ a state without the expected shape is refused rather than guessed at (0.5935ms)
✔ a fact marked stale before its window ended is not described as having expired (1.548875ms)
✔ facts checked after the viewing clock are never shown as fresh (1.402875ms)
✔ a future-dated state shows a clock problem instead of implying progress (1.423125ms)
✔ the initial stage event reads as a start, not an unrecognised stage (1.160417ms)
✔ facts with a future check time are listed after the fresh ones, never among them (1.49475ms)
✔ LICENSE is the MIT license with a neutral copyright holder (3.0395ms)
✔ package.json declares an MIT ES-module package with no dependencies (0.804583ms)
✔ npm test runs the node:test suites under tests/ (0.618291ms)
✔ .gitignore keeps dependencies and any evidence directory out of git (0.273375ms)
✔ design-decisions.md records every C0 default with a choice and a reason (0.427375ms)
✔ every instance string, array, number and object in the product schemas is bounded (4.757917ms)
✔ the bounds check itself notices an unbounded string, array, number and object (0.601292ms)
✔ a timestamp with a 100,000-digit fraction is rejected by its length bound (17.057417ms)
✔ a 100,000-digit event id is rejected by its length bound (10.282292ms)
✔ the supported keyword set is exactly the enumerated contract (1.5675ms)
✔ a schema using every supported keyword is accepted (0.624958ms)
✔ an unsupported keyword fails closed with keyword and pointer (0.575209ms)
✔ unsupported keywords are found inside $defs and items (0.266167ms)
✔ a remote or non-local $ref fails closed (0.201166ms)
✔ a local $ref that does not resolve fails closed (0.090291ms)
✔ a format other than date-time fails closed (0.080292ms)
✔ the root must declare the 2020-12 dialect (0.055542ms)
✔ malformed keyword values fail closed (0.162209ms)
✔ JSON pointer segments are escaped (0.097208ms)
✔ compileSchema refuses an unsupported schema before validating anything (0.076291ms)
✔ type mismatches are reported with the instance pointer (0.208792ms)
✔ required and additionalProperties are enforced (0.058666ms)
✔ enum and const compare by value (0.230125ms)
✔ array keywords validate items and bounds (0.310083ms)
✔ string keywords validate length, pattern and date-time (1.290833ms)
✔ numeric bounds are enforced (0.067875ms)
✔ local $ref is resolved during validation (0.060875ms)
✔ every pattern detects its own built-in canary (the positive control) (1.256333ms)
✔ the self-test fails closed when a pattern stops detecting its canary (0.616334ms)
✔ findings name the pattern, file and line but never the value (0.270292ms)
✔ realistic credential shapes are detected (0.146292ms)
✔ sanitized and reference-only text is not flagged (0.131833ms)
✔ redact removes every secret-shaped span and names the pattern (0.985917ms)
✔ redact leaves text without secrets unchanged (0.122459ms)
✔ the named checks are the documented set (1.674167ms)
✔ freshness caps exist for every fact class and are finite (0.846041ms)
✔ every valid fixture passes every named check (25.278875ms)
✔ unique-ids: duplicate fact keys or resource ids are rejected (3.207417ms)
✔ trust-by-source: a status must match where the fact came from (4.425167ms)
✔ verified-needs-evidence: a verified fact needs evidence, a check time and a freshness rule (1.710125ms)
✔ freshness-within-class-cap: a freshness rule cannot exceed its class cap (0.864084ms)
✔ stale-was-observed: a stale fact must have been checked once (1.805333ms)
✔ blocked-names-prerequisite: a blocked fact names what is unavailable (1.369291ms)
✔ assumed-holds-value: an assumed fact holds a value (1.908334ms)
✔ negative-result-needs-control: a verified "none found" states its control (0.561042ms)
✔ resource-tree: parents must exist and must not form a cycle (0.715333ms)
✔ references-resolve: fact and tier references must exist (1.277792ms)
✔ ranges-ordered: duration and cost ranges run low to high (2.712041ms)
✔ coalesced-plan-explanation: a plan-acceptance request carries the plan explanation (1.636709ms)
✔ event-sequence: ids strictly increase and time never runs backwards (2.444709ms)
✔ stage-chain: stages chain from the initial stage event (0.950333ms)
✔ event-type-fields: each event type carries its own fields (2.829667ms)
✔ event-links: related events exist earlier; results follow intents; decisions answer requests (1.667625ms)
✔ state-stage-matches-events: the state stage equals the last recorded stage change (0.832125ms)
✔ pending-decision-has-request: a pending decision was requested and is still unanswered (3.115125ms)
✔ pending-decision-has-request: category order alone is not a mismatch (0.352417ms)
✔ verified-facts-have-promotion-event: every verified fact has a promotion event (0.407541ms)
✔ verified-facts-have-promotion-event: a STALE fact needs the promotion event of its earlier observation (0.499166ms)
✔ verified-facts-have-promotion-event: the earlier promotion must match the STALE fact's source (0.664875ms)
✔ first-billable-carries-plan: a pending first billable request must include plan acceptance (0.441375ms)
✔ first-billable-carries-plan: the recorded history is checked after the decision is cleared (0.875208ms)
✔ first-billable-carries-plan: a later billable request after plan acceptance was approved is fine (1.059041ms)
✔ first-billable-carries-plan: plan acceptance must have been approved, not just requested (1.096ms)
✔ requests-answered-or-pending: an unanswered request must be the pending decision (2.142167ms)
✔ one-decision-per-request: request ids are unique (0.446458ms)
✔ one-decision-per-request: a request receives at most one decision (0.55675ms)
✔ gated-intent-approved: a gated intent relates to an earlier approved decision (1.29425ms)
✔ pending-decision-has-request: the pending request time matches the recorded request (0.733458ms)
✔ verified-facts-have-promotion-event: the latest promotion, not any promotion, must match (1.040584ms)
✔ verified-facts-have-promotion-event: check time and evidence must agree with the latest promotion (1.85ms)
✔ verified-facts-have-promotion-event: a STALE fact must match its latest promotion (0.541958ms)
✔ trust-by-source: an ASSUMED fact comes from reasoning (0.565ms)
✔ problem-is-observed: only a verified or previously verified observation can flag a problem (0.787375ms)
✔ the server listens on loopback only (12.289916ms)
✔ the view assets, state.json and events.jsonl are served, fresh on every request (28.326917ms)
✔ every response forbids caching and any non-local resource (5.123166ms)
✔ non-read requests are refused and change nothing (8.656375ms)
✔ HEAD returns headers without a body (7.423125ms)
✔ evidence, other files and traversal attempts are refused (18.074708ms)
✔ requests addressed to another host name are refused (7.133125ms)
✔ a missing state.json is a 404, which the view shows as an error (1.823167ms)
✔ the plan skill tells a local target how to state its single tier honestly (2.9865ms)
✔ verifying a fact as the router says produces a valid record (18.27325ms)
✔ the plan-acceptance request for a local target, as the skills describe it, is valid (30.6405ms)
✔ manual-edit DNS follows the authority path: decision, gated intent, human edit, result, own verification (28.370333ms)
✔ a gated DNS intent recorded before the approval is refused (18.130875ms)
✔ the router lives at exactly skills/router.md, as the workspace pointer says (0.42625ms)
✔ the router, stage and provider files exist, and nothing else is in skills/ (4.455875ms)
✔ every skill stays inside its length budget (1.683125ms)
✔ the router carries every always-on rule (0.9025ms)
✔ every stage file restates the always-on rules (0.694333ms)
✔ the router says what to read first, how to use the tools, and which one stage file to load (0.472ms)
✔ each stage file carries its Annex J responsibility (1.355375ms)
✔ the handoff guidance covers all ten Annex K items (1.08375ms)
✔ GCP is the target with validation pending; every other provider is UNVALIDATED (0.861166ms)
✔ skills are neutral, client-neutral and free of governance or experiment wording (1.97275ms)
✔ every example event in the skills is schema-valid once append fills its defaults (3.042ms)
✔ Cloudflare manual-edit mode records the approval and a gated intent before the human edits DNS (0.409791ms)
✔ every valid fixture validates, with the scanner self-test passing in the same call (45.316334ms)
✔ every invalid fixture is rejected for exactly its intended reason (8.066417ms)
✔ the planted canary is caught in the same pass that clears the valid fixtures (20.071584ms)
✔ the secret scan still runs when the JSON is malformed, and errors never echo the input (6.032458ms)
✔ a product schema with an unsupported keyword fails closed (3.960834ms)
✔ a product schema with a remote $ref fails closed (3.570333ms)
✔ a product schema with an unknown format fails closed (4.537125ms)
✔ a schema file that is not valid JSON fails closed (3.062667ms)
✔ a workspace without events.jsonl is rejected (3.132916ms)
✔ when one workspace file is missing, the remaining file is still secret-scanned (5.813667ms)
✔ a blank line inside events.jsonl is rejected (4.240667ms)
✔ schema errors on events name the line, keyword and pointer (3.524375ms)
✔ clean evidence files keep a valid workspace valid (4.413458ms)
✔ every regular file under evidence/ is secret-scanned, recursively (4.297709ms)
✔ evidence is scanned even when state is malformed and events are missing (2.0505ms)
✔ evidence symbolic links are reported and never followed (4.188666ms)
✔ an evidence folder that is itself a symbolic link is reported and not followed (3.903125ms)
✔ schema errors on secret-shaped property names are redacted (4.021208ms)
✔ named-check errors quoting secret-shaped identifiers are redacted (6.254416ms)
✔ an oversized events line is rejected even when its numbers are in range (3.807042ms)
✔ an oversized state.json is rejected by its size limit (13.504333ms)
✔ an evidence file over the scan limit is reported and not scanned (19.118084ms)
✔ a special evidence file is reported without being opened (7.982083ms)
✔ each experiment-wording guard catches its own class (0.825ms)
✔ the governance guard catches every name, whole words only (0.169875ms)
✔ the oversight guard catches the name, whole words only (0.279208ms)
✔ the guards leave neutral product wording alone (0.198542ms)
✔ no tracked file contains guarded wording literally (24.105125ms)
✔ init creates a valid workspace with state, one stage event, evidence/ and a pointer file (13.814708ms)
✔ init records the first stage change and a recon state built from the options (3.53725ms)
✔ the pointer file tells a fresh AI where to start, without relying on auto-loading (4.111459ms)
✔ init refuses a folder that already has content and changes nothing (1.441709ms)
✔ init refuses options that would make an invalid state, before writing anything (1.625042ms)
✔ init refuses a secret in its options and never repeats it (1.366334ms)
✔ init requires the identity options (0.568459ms)
✔ append adds exactly one line and never rewrites earlier bytes (5.034709ms)
✔ an appended stage change needs a matching state write before the workspace is consistent (5.865958ms)
✔ append keeps an explicit id and time when they are valid (5.366625ms)
✔ append refuses a schema-invalid event (4.171958ms)
✔ append refuses an event that breaks an event rule (3.488542ms)
✔ append refuses an event carrying a secret and never repeats it (3.587333ms)
✔ append takes exactly one JSON object (2.566667ms)
✔ append refuses when the existing log is damaged (6.929834ms)
✔ append refuses a folder that is not a workspace (0.680208ms)
✔ a filled-in time never runs earlier than the last recorded event (6.247875ms)
ℹ tests 241
ℹ suites 0
ℹ pass 241
ℹ fail 0
ℹ cancelled 0
ℹ skipped 0
ℹ todo 0
ℹ duration_ms 16656.142833
